Component: ARM Compiler 5.05 update 1 (build 106) Tool: armlink [4d0efa]

==============================================================================

Section Cross References

    main.o(i.main) refers to misc.o(i.NVIC_PriorityGroupConfig) for NVIC_PriorityGroupConfig
    main.o(i.main) refers to delay.o(i.delay_init) for delay_init
    main.o(i.main) refers to usart.o(i.uart_init) for uart_init
    main.o(i.main) refers to led.o(i.led_init) for led_init
    main.o(i.main) refers to key.o(i.key_init) for key_init
    main.o(i.main) refers to oled.o(i.OLED_Init) for OLED_Init
    main.o(i.main) refers to oled.o(i.OLED_Clear) for OLED_Clear
    main.o(i.main) refers to mpu6050.o(i.MPU_Init) for MPU_Init
    main.o(i.main) refers to inv_mpu.o(i.mpu_dmp_init) for mpu_dmp_init
    main.o(i.main) refers to exti.o(i.MPU6050_Exti_Init) for MPU6050_Exti_Init
    main.o(i.main) refers to encoder.o(i.Encoder_TIM2_Init) for Encoder_TIM2_Init
    main.o(i.main) refers to encoder.o(i.Encoder_TIM3_Init) for Encoder_TIM3_Init
    main.o(i.main) refers to motor.o(i.Motor_Init) for Motor_Init
    main.o(i.main) refers to pwm.o(i.PWM_TIM1_Init) for PWM_TIM1_Init
    main.o(i.main) refers to f2d.o(x$fpl$f2d) for __aeabi_f2d
    main.o(i.main) refers to oled.o(i.OLED_Float) for OLED_Float
    main.o(i.main) refers to dflt_clz.o(x$fpl$dflt) for __aeabi_i2d
    main.o(i.main) refers to main.o(.data) for Pitch
    main.o(i.main) refers to control.o(.data) for velocity_out
    system_stm32f10x.o(i.SetSysClock) refers to system_stm32f10x.o(i.SetSysClockTo72) for SetSysClockTo72
    system_stm32f10x.o(i.SystemCoreClockUpdate) refers to system_stm32f10x.o(.data) for SystemCoreClock
    system_stm32f10x.o(i.SystemInit) refers to system_stm32f10x.o(i.SetSysClock) for SetSysClock
    startup_stm32f10x_md.o(STACK) refers (Special) to heapauxi.o(.text) for __use_two_region_memory
    startup_stm32f10x_md.o(HEAP) refers (Special) to heapauxi.o(.text) for __use_two_region_memory
    startup_stm32f10x_md.o(RESET) refers (Special) to heapauxi.o(.text) for __use_two_region_memory
    startup_stm32f10x_md.o(RESET) refers to startup_stm32f10x_md.o(STACK) for __initial_sp
    startup_stm32f10x_md.o(RESET) refers to startup_stm32f10x_md.o(.text) for Reset_Handler
    startup_stm32f10x_md.o(RESET) refers to stm32f10x_it.o(i.NMI_Handler) for NMI_Handler
    startup_stm32f10x_md.o(RESET) refers to stm32f10x_it.o(i.HardFault_Handler) for HardFault_Handler
    startup_stm32f10x_md.o(RESET) refers to stm32f10x_it.o(i.MemManage_Handler) for MemManage_Handler
    startup_stm32f10x_md.o(RESET) refers to stm32f10x_it.o(i.BusFault_Handler) for BusFault_Handler
    startup_stm32f10x_md.o(RESET) refers to stm32f10x_it.o(i.UsageFault_Handler) for UsageFault_Handler
    startup_stm32f10x_md.o(RESET) refers to stm32f10x_it.o(i.SVC_Handler) for SVC_Handler
    startup_stm32f10x_md.o(RESET) refers to stm32f10x_it.o(i.DebugMon_Handler) for DebugMon_Handler
    startup_stm32f10x_md.o(RESET) refers to stm32f10x_it.o(i.PendSV_Handler) for PendSV_Handler
    startup_stm32f10x_md.o(RESET) refers to stm32f10x_it.o(i.SysTick_Handler) for SysTick_Handler
    startup_stm32f10x_md.o(RESET) refers to control.o(i.EXTI9_5_IRQHandler) for EXTI9_5_IRQHandler
    startup_stm32f10x_md.o(RESET) refers to usart.o(i.USART1_IRQHandler) for USART1_IRQHandler
    startup_stm32f10x_md.o(.text) refers (Special) to heapauxi.o(.text) for __use_two_region_memory
    startup_stm32f10x_md.o(.text) refers to system_stm32f10x.o(i.SystemInit) for SystemInit
    startup_stm32f10x_md.o(.text) refers to __main.o(!!!main) for __main
    startup_stm32f10x_md.o(.text) refers to startup_stm32f10x_md.o(HEAP) for Heap_Mem
    startup_stm32f10x_md.o(.text) refers to startup_stm32f10x_md.o(STACK) for Stack_Mem
    stm32f10x_adc.o(i.ADC_DeInit) refers to stm32f10x_rcc.o(i.RCC_APB2PeriphResetCmd) for RCC_APB2PeriphResetCmd
    stm32f10x_bkp.o(i.BKP_DeInit) refers to stm32f10x_rcc.o(i.RCC_BackupResetCmd) for RCC_BackupResetCmd
    stm32f10x_can.o(i.CAN_DeInit) refers to stm32f10x_rcc.o(i.RCC_APB1PeriphResetCmd) for RCC_APB1PeriphResetCmd
    stm32f10x_can.o(i.CAN_GetITStatus) refers to stm32f10x_can.o(i.CheckITStatus) for CheckITStatus
    stm32f10x_cec.o(i.CEC_DeInit) refers to stm32f10x_rcc.o(i.RCC_APB1PeriphResetCmd) for RCC_APB1PeriphResetCmd
    stm32f10x_dac.o(i.DAC_DeInit) refers to stm32f10x_rcc.o(i.RCC_APB1PeriphResetCmd) for RCC_APB1PeriphResetCmd
    stm32f10x_flash.o(i.FLASH_EnableWriteProtection) refers to stm32f10x_flash.o(i.FLASH_WaitForLastOperation) for FLASH_WaitForLastOperation
    stm32f10x_flash.o(i.FLASH_EraseAllBank1Pages) refers to stm32f10x_flash.o(i.FLASH_WaitForLastBank1Operation) for FLASH_WaitForLastBank1Operation
    stm32f10x_flash.o(i.FLASH_EraseAllPages) refers to stm32f10x_flash.o(i.FLASH_WaitForLastOperation) for FLASH_WaitForLastOperation
[...]
    i.mpu_set_lpf                            0x080052d8   Section        0  inv_mpu.o(i.mpu_set_lpf)
    i.mpu_set_sample_rate                    0x0800535c   Section        0  inv_mpu.o(i.mpu_set_sample_rate)
    i.mpu_set_sensors                        0x080053f8   Section        0  inv_mpu.o(i.mpu_set_sensors)
    i.mpu_write_mem                          0x080054c8   Section        0  inv_mpu.o(i.mpu_write_mem)
    i.run_self_test                          0x08005548   Section        0  inv_mpu.o(i.run_self_test)
    i.set_int_enable                         0x080055dc   Section        0  inv_mpu.o(i.set_int_enable)
    set_int_enable                           0x080055dd   Thumb Code   138  inv_mpu.o(i.set_int_enable)
    i.sqrt                                   0x0800566c   Section        0  sqrt.o(i.sqrt)
    i.uart_init                              0x080056b8   Section        0  usart.o(i.uart_init)
    x$fpl$d2f                                0x08005758   Section       98  d2f.o(x$fpl$d2f)
    x$fpl$dadd                               0x080057bc   Section      336  daddsub_clz.o(x$fpl$dadd)
    _dadd1                                   0x080057cd   Thumb Code     0  daddsub_clz.o(x$fpl$dadd)
    x$fpl$dcheck1                            0x0800590c   Section       16  dcheck1.o(x$fpl$dcheck1)
    x$fpl$dcmpinf                            0x0800591c   Section       24  dcmpi.o(x$fpl$dcmpinf)
    x$fpl$ddiv                               0x08005934   Section      688  ddiv.o(x$fpl$ddiv)
    ddiv_entry                               0x0800593b   Thumb Code     0  ddiv.o(x$fpl$ddiv)
    x$fpl$dfix                               0x08005be4   Section       94  dfix.o(x$fpl$dfix)
    x$fpl$dfixu                              0x08005c44   Section       90  dfixu.o(x$fpl$dfixu)
    x$fpl$dflt                               0x08005c9e   Section       46  dflt_clz.o(x$fpl$dflt)
    x$fpl$dleqf                              0x08005ccc   Section      120  dleqf.o(x$fpl$dleqf)
    x$fpl$dmul                               0x08005d44   Section      340  dmul.o(x$fpl$dmul)
    x$fpl$dnaninf                            0x08005e98   Section      156  dnaninf.o(x$fpl$dnaninf)
    x$fpl$dretinf                            0x08005f34   Section       12  dretinf.o(x$fpl$dretinf)
    x$fpl$drsb                               0x08005f40   Section       22  daddsub_clz.o(x$fpl$drsb)
    x$fpl$dsqrt                              0x08005f58   Section      460  dsqrt_noumaal.o(x$fpl$dsqrt)
    x$fpl$dsub                               0x08006124   Section      468  daddsub_clz.o(x$fpl$dsub)
    _dsub1                                   0x08006135   Thumb Code     0  daddsub_clz.o(x$fpl$dsub)
    x$fpl$f2d                                0x080062f8   Section       86  f2d.o(x$fpl$f2d)
    x$fpl$fadd                               0x08006350   Section      196  faddsub_clz.o(x$fpl$fadd)
    _fadd1                                   0x0800635f   Thumb Code     0  faddsub_clz.o(x$fpl$fadd)
    x$fpl$fcmpinf                            0x08006414   Section       24  fcmpi.o(x$fpl$fcmpinf)
    x$fpl$fdiv                               0x0800642c   Section      388  fdiv.o(x$fpl$fdiv)
    _fdiv1                                   0x0800642d   Thumb Code     0  fdiv.o(x$fpl$fdiv)
    x$fpl$feqf                               0x080065b0   Section      104  feqf.o(x$fpl$feqf)
    x$fpl$ffix                               0x08006618   Section       54  ffix.o(x$fpl$ffix)
    x$fpl$ffixu                              0x08006650   Section       62  ffixu.o(x$fpl$ffixu)
    x$fpl$fflt                               0x08006690   Section       48  fflt_clz.o(x$fpl$fflt)
    x$fpl$ffltu                              0x080066c0   Section       38  fflt_clz.o(x$fpl$ffltu)
    x$fpl$fleqf                              0x080066e8   Section      104  fleqf.o(x$fpl$fleqf)
    x$fpl$fmul                               0x08006750   Section      258  fmul.o(x$fpl$fmul)
    x$fpl$fnaninf                            0x08006852   Section      140  fnaninf.o(x$fpl$fnaninf)
    x$fpl$fretinf                            0x080068de   Section       10  fretinf.o(x$fpl$fretinf)
    x$fpl$frleqf                             0x080068e8   Section       98  frleqf.o(x$fpl$frleqf)
    x$fpl$frsb                               0x0800694a   Section       20  faddsub_clz.o(x$fpl$frsb)
    x$fpl$fsub                               0x08006960   Section      234  faddsub_clz.o(x$fpl$fsub)
    _fsub1                                   0x0800696f   Thumb Code     0  faddsub_clz.o(x$fpl$fsub)
    x$fpl$retnan                             0x08006a4a   Section      100  retnan.o(x$fpl$retnan)
    x$fpl$scalbn                             0x08006aae   Section       92  scalbn.o(x$fpl$scalbn)
    x$fpl$trapveneer                         0x08006b0a   Section       48  trapv.o(x$fpl$trapveneer)
    .constdata                               0x08006b3a   Section     2072  oled.o(.constdata)
    x$fpl$usenofp                            0x08006b3a   Section        0  usenofp.o(x$fpl$usenofp)
    .constdata                               0x08007354   Section       80  inv_mpu.o(.constdata)
    .constdata                               0x080073a4   Section     3062  inv_mpu_dmp_motion_driver.o(.constdata)
    dmp_memory                               0x080073a4   Data        3062  inv_mpu_dmp_motion_driver.o(.constdata)
    .constdata                               0x08007f9a   Section       17  __printf_flags_wp.o(.constdata)
    maptable                                 0x08007f9a   Data          17  __printf_flags_wp.o(.constdata)
    .constdata                               0x08007fb0   Section       80  asin.o(.constdata)
    pS                                       0x08007fb0   Data          48  asin.o(.constdata)
    qS                                       0x08007fe0   Data          32  asin.o(.constdata)
    .constdata                               0x08008000   Section      152  atan.o(.constdata)
    atanhi                                   0x08008000   Data          32  atan.o(.constdata)
    atanlo                                   0x08008020   Data          32  atan.o(.constdata)
    aTodd                                    0x08008040   Data          40  atan.o(.constdata)
    aTeven                                   0x08008068   Data          48  atan.o(.constdata)
    .constdata                               0x08008098   Section        8  qnan.o(.constdata)
    .conststring                             0x080080a0   Section       77  inv_mpu.o(.conststring)
    .data                                    0x20000000   Section       48  main.o(.data)
    .data                                    0x20000030   Section       20  system_stm32f10x.o(.data)
    .data                                    0x20000044   Section       20  stm32f10x_rcc.o(.data)
    APBAHBPrescTable                         0x20000044   Data          16  stm32f10x_rcc.o(.data)
    ADCPrescTable                            0x20000054   Data           4  stm32f10x_rcc.o(.data)
    .data                                    0x20000058   Section        4  delay.o(.data)
    fac_us                                   0x20000058   Data           1  delay.o(.data)
    fac_ms                                   0x2000005a   Data           2  delay.o(.data)
    .data                                    0x2000005c   Section        6  usart.o(.data)
    .data                                    0x20000064   Section       64  control.o(.data)
    PWM_out                                  0x20000090   Data           4  control.o(.data)
    Encoder_Err                              0x20000094   Data           4  control.o(.data)
    EnC_Err_Lowout                           0x20000098   Data           4  control.o(.data)
    EnC_Err_Lowout_S                         0x2000009c   Data           4  control.o(.data)
    EnC_Err_Lowout_Last                      0x200000a0   Data           4  control.o(.data)
    .data                                    0x200000a4   Section       53  inv_mpu.o(.data)
    st                                       0x200000a4   Data          44  inv_mpu.o(.data)
    gyro_orientation                         0x200000d0   Data           9  inv_mpu.o(.data)
    .bss                                     0x200000dc   Section      200  usart.o(.bss)
    .bss                                     0x200001a4   Section       16  inv_mpu_dmp_motion_driver.o(.bss)
    dmp                                      0x200001a4   Data          16  inv_mpu_dmp_motion_driver.o(.bss)
    .bss                                     0x200001b4   Section       96  libspace.o(.bss)
    HEAP                                     0x20000218   Section      512  startup_stm32f10x_md.o(HEAP)
    Heap_Mem                                 0x20000218   Data         512  startup_stm32f10x_md.o(HEAP)
    STACK                                    0x20000418   Section     1024  startup_stm32f10x_md.o(STACK)
    Stack_Mem                                0x20000418   Data        1024  startup_stm32f10x_md.o(STACK)
    __initial_sp                             0x20000818   Data           0  startup_stm32f10x_md.o(STACK)

    Global Symbols

    Symbol Name                              Value     Ov Type        Size  Object(Section)

    BuildAttributes$$THM_ISAv4$P$D$K$B$S$PE$A:L22UL41UL21$X:L11$S22US41US21$IEEE1$IW$USESV6$~STKCKD$USESV7$~SHL$OTIME$ROPI$IEEEX$EBA8$UX$STANDARDLIB$REQ8$PRES8$EABIv2 0x00000000   Number         0  anon$$obj.o ABSOLUTE
    __ARM_use_no_argv                        0x00000000   Number         0  main.o ABSOLUTE
    _printf_flags                            0x00000000   Number         0  printf_stubs.o ABSOLUTE
    _printf_return_value                     0x00000000   Number         0  printf_stubs.o ABSOLUTE
    _printf_sizespec                         0x00000000   Number         0  printf_stubs.o ABSOLUTE
    _printf_widthprec                        0x00000000   Number         0  printf_stubs.o ABSOLUTE
    __ARM_exceptions_init                     - Undefined Weak Reference
    __alloca_initialize                       - Undefined Weak Reference
    __arm_preinit_                            - Undefined Weak Reference
    __cpp_initialize__aeabi_                  - Undefined Weak Reference
    __cxa_finalize                            - Undefined Weak Reference
    __rt_locale                               - Undefined Weak Reference
    __sigvec_lookup                           - Undefined Weak Reference
    _atexit_init                              - Undefined Weak Reference
    _call_atexit_fns                          - Undefined Weak Reference
    _clock_init                               - Undefined Weak Reference
    _fp_trap_init                             - Undefined Weak Reference
    _fp_trap_shutdown                         - Undefined Weak Reference
    _get_lc_collate                           - Undefined Weak Reference
    _get_lc_ctype                             - Undefined Weak Reference
    _get_lc_monetary                          - Undefined Weak Reference
    _get_lc_numeric                           - Undefined Weak Reference
    _get_lc_time                              - Undefined Weak Reference
    _getenv_init                              - Undefined Weak Reference
    _handle_redirection                       - Undefined Weak Reference
    _init_alloc                               - Undefined Weak Reference
    _init_user_alloc                          - Undefined Weak Reference
    _initio                                   - Undefined Weak Reference
    _mutex_acquire                            - Undefined Weak Reference
    _mutex_release                            - Undefined Weak Reference
    _printf_truncate_signed                   - Undefined Weak Reference
    _printf_truncate_unsigned                 - Undefined Weak Reference
    _rand_init                                - Undefined Weak Reference
    _signal_finish                            - Undefined Weak Reference
    _signal_init                              - Undefined Weak Reference
    _terminate_alloc                          - Undefined Weak Reference
    _terminate_user_alloc                     - Undefined Weak Reference
    _terminateio                              - Undefined Weak Reference
    __Vectors_Size                           0x000000ec   Number         0  startup_stm32f10x_md.o ABSOLUTE
    __Vectors                                0x08000000   Data           4  startup_stm32f10x_md.o(RESET)
    __Vectors_End                            0x080000ec   Data           0  startup_stm32f10x_md.o(RESET)
    __main                                   0x080000ed   Thumb Code     8  __main.o(!!!main)
    __scatterload                            0x080000f5   Thumb Code     0  __scatter.o(!!!scatter)
    __scatterload_rt2                        0x080000f5   Thumb Code    44  __scatter.o(!!!scatter)
    __scatterload_rt2_thumb_only             0x080000f5   Thumb Code     0  __scatter.o(!!!scatter)
    __scatterload_null                       0x08000103   Thumb Code     0  __scatter.o(!!!scatter)
    __scatterload_copy                       0x08000129   Thumb Code    26  __scatter_copy.o(!!handler_copy)
    __scatterload_zeroinit                   0x08000145   Thumb Code    28  __scatter_zi.o(!!handler_zi)
    _printf_d                                0x08000161   Thumb Code     0  _printf_d.o(.ARM.Collect$$_printf_percent$$00000009)
    _printf_percent                          0x08000161   Thumb Code     0  _printf_percent.o(.ARM.Collect$$_printf_percent$$00000000)
    _printf_percent_end                      0x08000167   Thumb Code     0  _printf_percent_end.o(.ARM.Collect$$_printf_percent$$00000017)
    __rt_lib_init                            0x0800016b   Thumb Code     0  libinit.o(.ARM.Collect$$libinit$$00000000)
    __rt_lib_init_alloca_1                   0x0800016d   Thumb Code     0  libinit2.o(.ARM.Collect$$libinit$$0000002E)
    __rt_lib_init_argv_1                     0x0800016d   Thumb Code     0  libinit2.o(.ARM.Collect$$libinit$$0000002C)
    __rt_lib_init_atexit_1                   0x0800016d   Thumb Code     0  libinit2.o(.ARM.Collect$$libinit$$0000001B)
    __rt_lib_init_clock_1                    0x0800016d   Thumb Code     0  libinit2.o(.ARM.Collect$$libinit$$00000021)
    __rt_lib_init_cpp_1                      0x0800016d   Thumb Code     0  libinit2.o(.ARM.Collect$$libinit$$00000032)
    __rt_lib_init_exceptions_1               0x0800016d   Thumb Code     0  libinit2.o(.ARM.Collect$$libinit$$00000030)
    __rt_lib_init_fp_1                       0x0800016d   Thumb Code     0  libinit2.o(.ARM.Collect$$libinit$$00000002)
    __rt_lib_init_fp_trap_1                  0x0800016d   Thumb Code     0  libinit2.o(.ARM.Collect$$libinit$$0000001F)
    __rt_lib_init_getenv_1                   0x0800016d   Thumb Code     0  libinit2.o(.ARM.Collect$$libinit$$00000023)
    __rt_lib_init_heap_1                     0x0800016d   Thumb Code     0  libinit2.o(.ARM.Collect$$libinit$$0000000A)
    __rt_lib_init_lc_collate_1               0x0800016d   Thumb Code     0  libinit2.o(.ARM.Collect$$libinit$$00000011)
    __rt_lib_init_lc_ctype_1                 0x0800016d   Thumb Code     0  libinit2.o(.ARM.Collect$$libinit$$00000013)
    __rt_lib_init_lc_monetary_1              0x0800016d   Thumb Code     0  libinit2.o(.ARM.Collect$$libinit$$00000015)
    __rt_lib_init_lc_numeric_1               0x0800016d   Thumb Code     0  libinit2.o(.ARM.Collect$$libinit$$00000017)
    __rt_lib_init_lc_time_1                  0x0800016d   Thumb Code     0  libinit2.o(.ARM.Collect$$libinit$$00000019)
    __rt_lib_init_preinit_1                  0x0800016d   Thumb Code     0  libinit2.o(.ARM.Collect$$libinit$$00000004)
    __rt_lib_init_rand_1                     0x0800016d   Thumb Code     0  libinit2.o(.ARM.Collect$$libinit$$0000000E)
    __rt_lib_init_return                     0x0800016d   Thumb Code     0  libinit2.o(.ARM.Collect$$libinit$$00000033)
    __rt_lib_init_signal_1                   0x0800016d   Thumb Code     0  libinit2.o(.ARM.Collect$$libinit$$0000001D)
    __rt_lib_init_stdio_1                    0x0800016d   Thumb Code     0  libinit2.o(.ARM.Collect$$libinit$$00000025)
    __rt_lib_init_user_alloc_1               0x0800016d   Thumb Code     0  libinit2.o(.ARM.Collect$$libinit$$0000000C)
    __rt_lib_shutdown                        0x0800016f   Thumb Code     0  libshutdown.o(.ARM.Collect$$libshutdown$$00000000)
    __rt_lib_shutdown_fp_trap_1              0x08000171   Thumb Code     0  libshutdown2.o(.ARM.Collect$$libshutdown$$00000006)
    __rt_lib_shutdown_heap_1                 0x08000171   Thumb Code     0  libshutdown2.o(.ARM.Collect$$libshutdown$$0000000E)
    __rt_lib_shutdown_return                 0x08000171   Thumb Code     0  libshutdown2.o(.ARM.Collect$$libshutdown$$0000000F)
    __rt_lib_shutdown_signal_1               0x08000171   Thumb Code     0  libshutdown2.o(.ARM.Collect$$libshutdown$$00000009)
    __rt_lib_shutdown_stdio_1                0x08000171   Thumb Code     0  libshutdown2.o(.ARM.Collect$$libshutdown$$00000003)
    __rt_lib_shutdown_user_alloc_1           0x08000171   Thumb Code     0  libshutdown2.o(.ARM.Collect$$libshutdown$$0000000B)
    __rt_entry                               0x08000173   Thumb Code     0  __rtentry.o(.ARM.Collect$$rtentry$$00000000)
    __rt_entry_presh_1                       0x08000173   Thumb Code     0  __rtentry2.o(.ARM.Collect$$rtentry$$00000002)
    __rt_entry_sh                            0x08000173   Thumb Code     0  __rtentry4.o(.ARM.Collect$$rtentry$$00000004)
    __rt_entry_li                            0x08000179   Thumb Code     0  __rtentry2.o(.ARM.Collect$$rtentry$$0000000A)
    __rt_entry_postsh_1                      0x08000179   Thumb Code     0  __rtentry2.o(.ARM.Collect$$rtentry$$00000009)
    __rt_entry_main                          0x0800017d   Thumb Code     0  __rtentry2.o(.ARM.Collect$$rtentry$$0000000D)
    __rt_entry_postli_1                      0x0800017d   Thumb Code     0  __rtentry2.o(.ARM.Collect$$rtentry$$0000000C)
    __rt_exit                                0x08000185   Thumb Code     0  rtexit.o(.ARM.Collect$$rtexit$$00000000)
    __rt_exit_ls                             0x08000187   Thumb Code     0  rtexit2.o(.ARM.Collect$$rtexit$$00000003)
    __rt_exit_prels_1                        0x08000187   Thumb Code     0  rtexit2.o(.ARM.Collect$$rtexit$$00000002)
    __rt_exit_exit                           0x0800018b   Thumb Code     0  rtexit2.o(.ARM.Collect$$rtexit$$00000004)
    Reset_Handler                            0x08000191   Thumb Code     8  startup_stm32f10x_md.o(.text)
    ADC1_2_IRQHandler                        0x080001ab   Thumb Code     0  startup_stm32f10x_md.o(.text)
    CAN1_RX1_IRQHandler                      0x080001ab   Thumb Code     0  startup_stm32f10x_md.o(.text)
    CAN1_SCE_IRQHandler                      0x080001ab   Thumb Code     0  startup_stm32f10x_md.o(.text)
    DMA1_Channel1_IRQHandler                 0x080001ab   Thumb Code     0  startup_stm32f10x_md.o(.text)
    DMA1_Channel2_IRQHandler                 0x080001ab   Thumb Code     0  startup_stm32f10x_md.o(.text)
    DMA1_Channel3_IRQHandler                 0x080001ab   Thumb Code     0  startup_stm32f10x_md.o(.text)
    DMA1_Channel4_IRQHandler                 0x080001ab   Thumb Code     0  startup_stm32f10x_md.o(.text)
    DMA1_Channel5_IRQHandler                 0x080001ab   Thumb Code     0  startup_stm32f10x_md.o(.text)
    DMA1_Channel6_IRQHandler                 0x080001ab   Thumb Code     0  startup_stm32f10x_md.o(.text)
    DMA1_Channel7_IRQHandler                 0x080001ab   Thumb Code     0  startup_stm32f10x_md.o(.text)
    EXTI0_IRQHandler                         0x080001ab   Thumb Code     0  startup_stm32f10x_md.o(.text)
    EXTI15_10_IRQHandler                     0x080001ab   Thumb Code     0  startup_stm32f10x_md.o(.text)
    EXTI1_IRQHandler                         0x080001ab   Thumb Code     0  startup_stm32f10x_md.o(.text)
    EXTI2_IRQHandler                         0x080001ab   Thumb Code     0  startup_stm32f10x_md.o(.text)
    EXTI3_IRQHandler                         0x080001ab   Thumb Code     0  startup_stm32f10x_md.o(.text)
    EXTI4_IRQHandler                         0x080001ab   Thumb Code     0  startup_stm32f10x_md.o(.text)
    FLASH_IRQHandler                         0x080001ab   Thumb Code     0  startup_stm32f10x_md.o(.text)
    I2C1_ER_IRQHandler                       0x080001ab   Thumb Code     0  startup_stm32f10x_md.o(.text)
    I2C1_EV_IRQHandler                       0x080001ab   Thumb Code     0  startup_stm32f10x_md.o(.text)
    I2C2_ER_IRQHandler                       0x080001ab   Thumb Code     0  startup_stm32f10x_md.o(.text)
    I2C2_EV_IRQHandler                       0x080001ab   Thumb Code     0  startup_stm32f10x_md.o(.text)
    PVD_IRQHandler                           0x080001ab   Thumb Code     0  startup_stm32f10x_md.o(.text)
    RCC_IRQHandler                           0x080001ab   Thumb Code     0  startup_stm32f10x_md.o(.text)
    RTCAlarm_IRQHandler                      0x080001ab   Thumb Code     0  startup_stm32f10x_md.o(.text)
    RTC_IRQHandler                           0x080001ab   Thumb Code     0  startup_stm32f10x_md.o(.text)
    SPI1_IRQHandler                          0x080001ab   Thumb Code     0  startup_stm32f10x_md.o(.text)
    SPI2_IRQHandler                          0x080001ab   Thumb Code     0  startup_stm32f10x_md.o(.text)
    TAMPER_IRQHandler                        0x080001ab   Thumb Code     0  startup_stm32f10x_md.o(.text)
    TIM1_BRK_IRQHandler                      0x080001ab   Thumb Code     0  startup_stm32f10x_md.o(.text)
    TIM1_CC_IRQHandler                       0x080001ab   Thumb Code     0  startup_stm32f10x_md.o(.text)
    TIM1_TRG_COM_IRQHandler                  0x080001ab   Thumb Code     0  startup_stm32f10x_md.o(.text)
    TIM1_UP_IRQHandler                       0x080001ab   Thumb Code     0  startup_stm32f10x_md.o(.text)
    TIM2_IRQHandler                          0x080001ab   Thumb Code     0  startup_stm32f10x_md.o(.text)
    TIM3_IRQHandler                          0x080001ab   Thumb Code     0  startup_stm32f10x_md.o(.text)
    TIM4_IRQHandler                          0x080001ab   Thumb Code     0  startup_stm32f10x_md.o(.text)
    USART2_IRQHandler                        0x080001ab   Thumb Code     0  startup_stm32f10x_md.o(.text)
    USART3_IRQHandler                        0x080001ab   Thumb Code     0  startup_stm32f10x_md.o(.text)
    USBWakeUp_IRQHandler                     0x080001ab   Thumb Code     0  startup_stm32f10x_md.o(.text)
    USB_HP_CAN1_TX_IRQHandler                0x080001ab   Thumb Code     0  startup_stm32f10x_md.o(.text)
    USB_LP_CAN1_RX0_IRQHandler               0x080001ab   Thumb Code     0  startup_stm32f10x_md.o(.text)
    WWDG_IRQHandler                          0x080001ab   Thumb Code     0  startup_stm32f10x_md.o(.text)
    __user_initial_stackheap                 0x080001ad   Thumb Code     0  startup_stm32f10x_md.o(.text)
    __use_no_semihosting                     0x080001d1   Thumb Code     2  use_no_semi_2.o(.text)
    __aeabi_ldivmod                          0x080001d3   Thumb Code     0  llsdiv.o(.text)
    _ll_sdiv                                 0x080001d3   Thumb Code    72  llsdiv.o(.text)
    __2printf                                0x0800021d   Thumb Code    20  noretval__2printf.o(.text)
    _printf_int_dec                          0x08000235   Thumb Code   104  _printf_dec.o(.text)
    __printf                                 0x080002ad   Thumb Code   308  __printf_flags_wp.o(.text)
    memcmp                                   0x080003e5   Thumb Code    88  memcmp.o(.text)
    __aeabi_memset                           0x0800043d   Thumb Code    16  aeabi_memset.o(.text)
    __use_two_region_memory                  0x0800044d   Thumb Code     2  heapauxi.o(.text)
    __rt_heap_escrow$2region                 0x0800044f   Thumb Code     2  heapauxi.o(.text)
    __rt_heap_expand$2region                 0x08000451   Thumb Code     2  heapauxi.o(.text)
    __I$use$semihosting                      0x08000453   Thumb Code     0  use_no_semi.o(.text)
    __use_no_semihosting_swi                 0x08000453   Thumb Code     2  use_no_semi.o(.text)
    __aeabi_uldivmod                         0x08000455   Thumb Code     0  lludivv7m.o(.text)
    _ll_udiv                                 0x08000455   Thumb Code   238  lludivv7m.o(.text)
    __read_errno                             0x08000543   Thumb Code    10  _rserrno.o(.text)
    __set_errno                              0x0800054d   Thumb Code    12  _rserrno.o(.text)
    _printf_int_common                       0x08000559   Thumb Code   178  _printf_intcommon.o(.text)
    _printf_char_file                        0x0800060d   Thumb Code    32  _printf_char_file.o(.text)
    __aeabi_memclr                           0x08000631   Thumb Code     0  rt_memclr.o(.text)
    __rt_memclr                              0x08000631   Thumb Code    68  rt_memclr.o(.text)
    _memset                                  0x08000635   Thumb Code     0  rt_memclr.o(.text)
    __aeabi_errno_addr                       0x08000675   Thumb Code     8  rt_errno_addr_intlibspace.o(.text)
    __errno$intlibspace                      0x08000675   Thumb Code     0  rt_errno_addr_intlibspace.o(.text)
    __rt_errno_addr$intlibspace              0x08000675   Thumb Code     0  rt_errno_addr_intlibspace.o(.text)
    _printf_char_common                      0x08000687   Thumb Code    32  _printf_char_common.o(.text)
    ferror                                   0x080006ad   Thumb Code     8  ferror.o(.text)
    __aeabi_memclr4                          0x080006b5   Thumb Code     0  rt_memclr_w.o(.text)
    __aeabi_memclr8                          0x080006b5   Thumb Code     0  rt_memclr_w.o(.text)
    __rt_memclr_w                            0x080006b5   Thumb Code    78  rt_memclr_w.o(.text)
    _memset_w                                0x080006b9   Thumb Code     0  rt_memclr_w.o(.text)
    __user_libspace                          0x08000705   Thumb Code     8  libspace.o(.text)
    __user_perproc_libspace                  0x08000705   Thumb Code     0  libspace.o(.text)
    __user_perthread_libspace                0x08000705   Thumb Code     0  libspace.o(.text)
    __user_setup_stackheap                   0x0800070d   Thumb Code    74  sys_stackheap_outer.o(.text)
    exit                                     0x08000757   Thumb Code    12  exit.o(.text)
    BusFault_Handler                         0x08000763   Thumb Code     4  stm32f10x_it.o(i.BusFault_Handler)
    DebugMon_Handler                         0x08000767   Thumb Code     2  stm32f10x_it.o(i.DebugMon_Handler)
    EXTI9_5_IRQHandler                       0x08000769   Thumb Code   226  control.o(i.EXTI9_5_IRQHandler)
    EXTI_ClearITPendingBit                   0x0800089d   Thumb Code     6  stm32f10x_exti.o(i.EXTI_ClearITPendingBit)
    EXTI_GetITStatus                         0x080008a9   Thumb Code    34  stm32f10x_exti.o(i.EXTI_GetITStatus)
    EXTI_Init                                0x080008d1   Thumb Code   142  stm32f10x_exti.o(i.EXTI_Init)
    Encoder_TIM2_Init                        0x08000965   Thumb Code   152  encoder.o(i.Encoder_TIM2_Init)
    Encoder_TIM3_Init                        0x08000a01   Thumb Code   146  encoder.o(i.Encoder_TIM3_Init)
    GFP_abs                                  0x08000a9d   Thumb Code    14  motor.o(i.GFP_abs)
    GPIO_EXTILineConfig                      0x08000aad   Thumb Code    60  stm32f10x_gpio.o(i.GPIO_EXTILineConfig)
    GPIO_Init                                0x08000aed   Thumb Code   278  stm32f10x_gpio.o(i.GPIO_Init)
    GPIO_PinRemapConfig                      0x08000c05   Thumb Code   138  stm32f10x_gpio.o(i.GPIO_PinRemapConfig)
    GPIO_ResetBits                           0x08000c95   Thumb Code     4  stm32f10x_gpio.o(i.GPIO_ResetBits)
    GPIO_SetBits                             0x08000c99   Thumb Code     4  stm32f10x_gpio.o(i.GPIO_SetBits)
    Get_Speed                                0x08000c9d   Thumb Code    66  encoder.o(i.Get_Speed)
    HardFault_Handler                        0x08000ce5   Thumb Code     4  stm32f10x_it.o(i.HardFault_Handler)
    Limit                                    0x08000ce9   Thumb Code    66  motor.o(i.Limit)
    Load                                     0x08000d35   Thumb Code   112  motor.o(i.Load)
    MPU6050_Exti_Init                        0x08000db1   Thumb Code    96  exti.o(i.MPU6050_Exti_Init)
    MPU_Get_Accelerometer                    0x08000e15   Thumb Code    80  mpu6050.o(i.MPU_Get_Accelerometer)
    MPU_Get_Gyroscope                        0x08000e65   Thumb Code    80  mpu6050.o(i.MPU_Get_Gyroscope)
    MPU_IIC_Ack                              0x08000eb5   Thumb Code    62  mpuiic.o(i.MPU_IIC_Ack)
    MPU_IIC_Delay                            0x08000f01   Thumb Code    10  mpuiic.o(i.MPU_IIC_Delay)
    MPU_IIC_Init                             0x08000f0d   Thumb Code    38  mpuiic.o(i.MPU_IIC_Init)
    MPU_IIC_NAck                             0x08000f39   Thumb Code    62  mpuiic.o(i.MPU_IIC_NAck)
    MPU_IIC_Read_Byte                        0x08000f85   Thumb Code    94  mpuiic.o(i.MPU_IIC_Read_Byte)
    MPU_IIC_Send_Byte                        0x08000ff1   Thumb Code    80  mpuiic.o(i.MPU_IIC_Send_Byte)
    MPU_IIC_Start                            0x0800104d   Thumb Code    60  mpuiic.o(i.MPU_IIC_Start)
    MPU_IIC_Stop                             0x08001095   Thumb Code    58  mpuiic.o(i.MPU_IIC_Stop)
    MPU_IIC_Wait_Ack                         0x080010dd   Thumb Code    86  mpuiic.o(i.MPU_IIC_Wait_Ack)
    MPU_Init                                 0x08001141   Thumb Code   122  mpu6050.o(i.MPU_Init)
    MPU_Read_Byte                            0x080011bb   Thumb Code    58  mpu6050.o(i.MPU_Read_Byte)
    MPU_Read_Len                             0x080011f5   Thumb Code   116  mpu6050.o(i.MPU_Read_Len)
    MPU_Set_Accel_Fsr                        0x08001269   Thumb Code    16  mpu6050.o(i.MPU_Set_Accel_Fsr)
    MPU_Set_Gyro_Fsr                         0x08001279   Thumb Code    16  mpu6050.o(i.MPU_Set_Gyro_Fsr)
    MPU_Set_LPF                              0x08001289   Thumb Code    58  mpu6050.o(i.MPU_Set_LPF)
    MPU_Set_Rate                             0x080012c3   Thumb Code    58  mpu6050.o(i.MPU_Set_Rate)
    MPU_Write_Byte                           0x080012fd   Thumb Code    68  mpu6050.o(i.MPU_Write_Byte)
    MPU_Write_Len                            0x08001341   Thumb Code    96  mpu6050.o(i.MPU_Write_Len)
    MemManage_Handler                        0x080013a1   Thumb Code     4  stm32f10x_it.o(i.MemManage_Handler)
    Motor_Init                               0x080013a5   Thumb Code    40  motor.o(i.Motor_Init)
    NMI_Handler                              0x080013d1   Thumb Code     2  stm32f10x_it.o(i.NMI_Handler)
    NVIC_Init                                0x080013d5   Thumb Code   100  misc.o(i.NVIC_Init)
    NVIC_PriorityGroupConfig                 0x08001445   Thumb Code    10  misc.o(i.NVIC_PriorityGroupConfig)
    OLED_Clear                               0x08001459   Thumb Code    62  oled.o(i.OLED_Clear)
    OLED_Float                               0x08001499   Thumb Code   442  oled.o(i.OLED_Float)
    OLED_IIC_Start                           0x08001659   Thumb Code    44  oled.o(i.OLED_IIC_Start)
    OLED_IIC_Stop                            0x08001689   Thumb Code    34  oled.o(i.OLED_IIC_Stop)
    OLED_IIC_Wait_Ack                        0x080016b1   Thumb Code    24  oled.o(i.OLED_IIC_Wait_Ack)
    OLED_Init                                0x080016cd   Thumb Code   282  oled.o(i.OLED_Init)
    OLED_Set_Pos                             0x080017f1   Thumb Code    40  oled.o(i.OLED_Set_Pos)
    OLED_ShowChar                            0x08001819   Thumb Code   154  oled.o(i.OLED_ShowChar)
    OLED_ShowString                          0x080018bd   Thumb Code    54  oled.o(i.OLED_ShowString)
    OLED_WR_Byte                             0x080018f3   Thumb Code    24  oled.o(i.OLED_WR_Byte)
    OLED_Write_IIC_Byte                      0x0800190d   Thumb Code    88  oled.o(i.OLED_Write_IIC_Byte)
    OLED_Write_IIC_Command                   0x08001969   Thumb Code    44  oled.o(i.OLED_Write_IIC_Command)
    OLED_Write_IIC_Data                      0x08001995   Thumb Code    44  oled.o(i.OLED_Write_IIC_Data)
    PWM_TIM1_Init                            0x080019c1   Thumb Code   160  pwm.o(i.PWM_TIM1_Init)
    PendSV_Handler                           0x08001a69   Thumb Code     2  stm32f10x_it.o(i.PendSV_Handler)
    RCC_APB1PeriphClockCmd                   0x08001a6d   Thumb Code    26  stm32f10x_rcc.o(i.RCC_APB1PeriphClockCmd)
    RCC_APB2PeriphClockCmd                   0x08001a8d   Thumb Code    26  stm32f10x_rcc.o(i.RCC_APB2PeriphClockCmd)
    RCC_GetClocksFreq                        0x08001aad   Thumb Code   192  stm32f10x_rcc.o(i.RCC_GetClocksFreq)
    SVC_Handler                              0x08001b81   Thumb Code     2  stm32f10x_it.o(i.SVC_Handler)
    SysTick_CLKSourceConfig                  0x08001c6d   Thumb Code    40  misc.o(i.SysTick_CLKSourceConfig)
    SysTick_Handler                          0x08001c95   Thumb Code     2  stm32f10x_it.o(i.SysTick_Handler)
    SystemInit                               0x08001c99   Thumb Code    78  system_stm32f10x.o(i.SystemInit)
    TIM_ARRPreloadConfig                     0x08001f39   Thumb Code    24  stm32f10x_tim.o(i.TIM_ARRPreloadConfig)
    TIM_Cmd                                  0x08001f51   Thumb Code    24  stm32f10x_tim.o(i.TIM_Cmd)
    TIM_CtrlPWMOutputs                       0x08001f69   Thumb Code    30  stm32f10x_tim.o(i.TIM_CtrlPWMOutputs)
    TIM_EncoderInterfaceConfig               0x08001f87   Thumb Code    66  stm32f10x_tim.o(i.TIM_EncoderInterfaceConfig)
    TIM_GetCounter                           0x08001fc9   Thumb Code     6  stm32f10x_tim.o(i.TIM_GetCounter)
    TIM_ICInit                               0x08001fd1   Thumb Code   150  stm32f10x_tim.o(i.TIM_ICInit)
    TIM_ICStructInit                         0x0800207d   Thumb Code    18  stm32f10x_tim.o(i.TIM_ICStructInit)
    TIM_OC1Init                              0x08002091   Thumb Code   132  stm32f10x_tim.o(i.TIM_OC1Init)
    TIM_OC1PreloadConfig                     0x08002129   Thumb Code    18  stm32f10x_tim.o(i.TIM_OC1PreloadConfig)
    TIM_OC4Init                              0x0800213d   Thumb Code   114  stm32f10x_tim.o(i.TIM_OC4Init)
    TIM_OC4PreloadConfig                     0x080021b9   Thumb Code    26  stm32f10x_tim.o(i.TIM_OC4PreloadConfig)
    TIM_SetCompare1                          0x080021d3   Thumb Code     4  stm32f10x_tim.o(i.TIM_SetCompare1)
    TIM_SetCompare4                          0x080021d7   Thumb Code     6  stm32f10x_tim.o(i.TIM_SetCompare4)
    TIM_SetCounter                           0x080021dd   Thumb Code     4  stm32f10x_tim.o(i.TIM_SetCounter)
    TIM_SetIC1Prescaler                      0x080021e1   Thumb Code    18  stm32f10x_tim.o(i.TIM_SetIC1Prescaler)
    TIM_SetIC2Prescaler                      0x080021f3   Thumb Code    26  stm32f10x_tim.o(i.TIM_SetIC2Prescaler)
    TIM_SetIC3Prescaler                      0x0800220d   Thumb Code    18  stm32f10x_tim.o(i.TIM_SetIC3Prescaler)
    TIM_SetIC4Prescaler                      0x0800221f   Thumb Code    26  stm32f10x_tim.o(i.TIM_SetIC4Prescaler)
    TIM_TimeBaseInit                         0x08002239   Thumb Code   122  stm32f10x_tim.o(i.TIM_TimeBaseInit)
    TIM_TimeBaseStructInit                   0x080022dd   Thumb Code    18  stm32f10x_tim.o(i.TIM_TimeBaseStructInit)
    Turn                                     0x080022f1   Thumb Code    44  control.o(i.Turn)
    USART1_IRQHandler                        0x08002321   Thumb Code   122  usart.o(i.USART1_IRQHandler)
    USART_Cmd                                0x080023a9   Thumb Code    24  stm32f10x_usart.o(i.USART_Cmd)
    USART_GetITStatus                        0x080023c1   Thumb Code    84  stm32f10x_usart.o(i.USART_GetITStatus)
    USART_ITConfig                           0x08002415   Thumb Code    74  stm32f10x_usart.o(i.USART_ITConfig)
    USART_Init                               0x08002461   Thumb Code   210  stm32f10x_usart.o(i.USART_Init)
    USART_ReceiveData                        0x08002539   Thumb Code    10  stm32f10x_usart.o(i.USART_ReceiveData)
    UsageFault_Handler                       0x08002543   Thumb Code     4  stm32f10x_it.o(i.UsageFault_Handler)
    Velocity                                 0x08002549   Thumb Code   212  control.o(i.Velocity)
    Vertical                                 0x08002641   Thumb Code    64  control.o(i.Vertical)
    __ARM_fpclassify                         0x08002689   Thumb Code    40  fpclassify.o(i.__ARM_fpclassify)
    __kernel_poly                            0x080026b1   Thumb Code   170  poly.o(i.__kernel_poly)
    __mathlib_dbl_infnan                     0x0800275b   Thumb Code     6  dunder.o(i.__mathlib_dbl_infnan)
    __mathlib_dbl_infnan2                    0x08002761   Thumb Code     4  dunder.o(i.__mathlib_dbl_infnan2)
    __mathlib_dbl_invalid                    0x08002765   Thumb Code    12  dunder.o(i.__mathlib_dbl_invalid)
    __mathlib_dbl_underflow                  0x08002771   Thumb Code    10  dunder.o(i.__mathlib_dbl_underflow)
    _is_digit                                0x08002781   Thumb Code    14  __printf_wp.o(i._is_digit)
    _sys_exit                                0x0800278f   Thumb Code     4  usart.o(i._sys_exit)
    asin                                     0x0800283d   Thumb Code   572  asin.o(i.asin)
    atan                                     0x08002aad   Thumb Code   474  atan.o(i.atan)
    atan2                                    0x08002ccd   Thumb Code   346  atan2.o(i.atan2)
    delay_init                               0x08002eb1   Thumb Code    50  delay.o(i.delay_init)
    delay_ms                                 0x08002ef5   Thumb Code    72  delay.o(i.delay_ms)
    delay_us                                 0x08002f41   Thumb Code    72  delay.o(i.delay_us)
    dmp_enable_6x_lp_quat                    0x08002f8d   Thumb Code    60  inv_mpu_dmp_motion_driver.o(i.dmp_enable_6x_lp_quat)
    dmp_enable_feature                       0x08002fc9   Thumb Code   530  inv_mpu_dmp_motion_driver.o(i.dmp_enable_feature)
    dmp_enable_gyro_cal                      0x080031e5   Thumb Code    62  inv_mpu_dmp_motion_driver.o(i.dmp_enable_gyro_cal)
    dmp_enable_lp_quat                       0x0800323d   Thumb Code    60  inv_mpu_dmp_motion_driver.o(i.dmp_enable_lp_quat)
    dmp_load_motion_driver_firmware          0x08003279   Thumb Code    20  inv_mpu_dmp_motion_driver.o(i.dmp_load_motion_driver_firmware)
    dmp_read_fifo                            0x08003291   Thumb Code   456  inv_mpu_dmp_motion_driver.o(i.dmp_read_fifo)
    dmp_set_accel_bias                       0x0800345d   Thumb Code   300  inv_mpu_dmp_motion_driver.o(i.dmp_set_accel_bias)
    dmp_set_fifo_rate                        0x0800358d   Thumb Code    96  inv_mpu_dmp_motion_driver.o(i.dmp_set_fifo_rate)
    dmp_set_gyro_bias                        0x080035fd   Thumb Code   294  inv_mpu_dmp_motion_driver.o(i.dmp_set_gyro_bias)
    dmp_set_orientation                      0x0800372d   Thumb Code   290  inv_mpu_dmp_motion_driver.o(i.dmp_set_orientation)
    dmp_set_shake_reject_thresh              0x08003865   Thumb Code    56  inv_mpu_dmp_motion_driver.o(i.dmp_set_shake_reject_thresh)
    dmp_set_shake_reject_time                0x0800389d   Thumb Code    38  inv_mpu_dmp_motion_driver.o(i.dmp_set_shake_reject_time)
    dmp_set_shake_reject_timeout             0x080038c3   Thumb Code    38  inv_mpu_dmp_motion_driver.o(i.dmp_set_shake_reject_timeout)
    dmp_set_tap_axes                         0x080038e9   Thumb Code    70  inv_mpu_dmp_motion_driver.o(i.dmp_set_tap_axes)
    dmp_set_tap_count                        0x0800392f   Thumb Code    38  inv_mpu_dmp_motion_driver.o(i.dmp_set_tap_count)
    dmp_set_tap_thresh                       0x08003955   Thumb Code   396  inv_mpu_dmp_motion_driver.o(i.dmp_set_tap_thresh)
    dmp_set_tap_time                         0x08003af5   Thumb Code    38  inv_mpu_dmp_motion_driver.o(i.dmp_set_tap_time)
    dmp_set_tap_time_multi                   0x08003b1b   Thumb Code    38  inv_mpu_dmp_motion_driver.o(i.dmp_set_tap_time_multi)
    fputc                                    0x08003b41   Thumb Code    24  usart.o(i.fputc)
    inv_orientation_matrix_to_scalar         0x08004191   Thumb Code    40  inv_mpu.o(i.inv_orientation_matrix_to_scalar)
    inv_row_2_scale                          0x080041b9   Thumb Code    78  inv_mpu.o(i.inv_row_2_scale)
    key_init                                 0x08004209   Thumb Code    34  key.o(i.key_init)
    led_init                                 0x08004231   Thumb Code    50  led.o(i.led_init)
    main                                     0x08004269   Thumb Code   128  main.o(i.main)
    mget_ms                                  0x080042f1   Thumb Code     2  inv_mpu.o(i.mget_ms)
    mpu_configure_fifo                       0x080042f5   Thumb Code   106  inv_mpu.o(i.mpu_configure_fifo)
    mpu_dmp_get_data                         0x08004365   Thumb Code   544  inv_mpu.o(i.mpu_dmp_get_data)
    mpu_dmp_init                             0x08004589   Thumb Code   150  inv_mpu.o(i.mpu_dmp_init)
    mpu_get_accel_fsr                        0x08004625   Thumb Code    72  inv_mpu.o(i.mpu_get_accel_fsr)
    mpu_get_accel_sens                       0x08004671   Thumb Code    78  inv_mpu.o(i.mpu_get_accel_sens)
    mpu_get_fifo_config                      0x080046c5   Thumb Code    12  inv_mpu.o(i.mpu_get_fifo_config)
    mpu_get_gyro_fsr                         0x080046d5   Thumb Code    64  inv_mpu.o(i.mpu_get_gyro_fsr)
    mpu_get_gyro_sens                        0x08004719   Thumb Code    58  inv_mpu.o(i.mpu_get_gyro_sens)
    mpu_get_lpf                              0x08004769   Thumb Code    74  inv_mpu.o(i.mpu_get_lpf)
    mpu_get_sample_rate                      0x080047b9   Thumb Code    26  inv_mpu.o(i.mpu_get_sample_rate)
    mpu_init                                 0x080047d9   Thumb Code   416  inv_mpu.o(i.mpu_init)
    mpu_load_firmware                        0x080049c9   Thumb Code   180  inv_mpu.o(i.mpu_load_firmware)
    mpu_lp_accel_mode                        0x08004a81   Thumb Code   218  inv_mpu.o(i.mpu_lp_accel_mode)
    mpu_read_fifo_stream                     0x08004b61   Thumb Code   186  inv_mpu.o(i.mpu_read_fifo_stream)
    mpu_read_mem                             0x08004c21   Thumb Code   122  inv_mpu.o(i.mpu_read_mem)
    mpu_reset_fifo                           0x08004ca1   Thumb Code   450  inv_mpu.o(i.mpu_reset_fifo)
    mpu_run_self_test                        0x08004e69   Thumb Code   278  inv_mpu.o(i.mpu_run_self_test)
    mpu_set_accel_fsr                        0x08004f85   Thumb Code   126  inv_mpu.o(i.mpu_set_accel_fsr)
    mpu_set_bypass                           0x08005009   Thumb Code   328  inv_mpu.o(i.mpu_set_bypass)
    mpu_set_dmp_state                        0x08005155   Thumb Code   138  inv_mpu.o(i.mpu_set_dmp_state)
    mpu_set_gyro_fsr                         0x080051e5   Thumb Code   132  inv_mpu.o(i.mpu_set_gyro_fsr)
    mpu_set_int_latched                      0x0800526d   Thumb Code   102  inv_mpu.o(i.mpu_set_int_latched)
    mpu_set_lpf                              0x080052d9   Thumb Code   126  inv_mpu.o(i.mpu_set_lpf)
    mpu_set_sample_rate                      0x0800535d   Thumb Code   152  inv_mpu.o(i.mpu_set_sample_rate)
    mpu_set_sensors                          0x080053f9   Thumb Code   202  inv_mpu.o(i.mpu_set_sensors)
    mpu_write_mem                            0x080054c9   Thumb Code   122  inv_mpu.o(i.mpu_write_mem)
    run_self_test                            0x08005549   Thumb Code   148  inv_mpu.o(i.run_self_test)
    sqrt                                     0x0800566d   Thumb Code    76  sqrt.o(i.sqrt)
    uart_init                                0x080056b9   Thumb Code   152  usart.o(i.uart_init)
    __aeabi_d2f                              0x08005759   Thumb Code     0  d2f.o(x$fpl$d2f)
    _d2f                                     0x08005759   Thumb Code    98  d2f.o(x$fpl$d2f)
    __aeabi_dadd                             0x080057bd   Thumb Code     0  daddsub_clz.o(x$fpl$dadd)
    _dadd                                    0x080057bd   Thumb Code   332  daddsub_clz.o(x$fpl$dadd)
    __fpl_dcheck_NaN1                        0x0800590d   Thumb Code    10  dcheck1.o(x$fpl$dcheck1)
    __fpl_dcmp_Inf                           0x0800591d   Thumb Code    24  dcmpi.o(x$fpl$dcmpinf)
    __aeabi_ddiv                             0x08005935   Thumb Code     0  ddiv.o(x$fpl$ddiv)
    _ddiv                                    0x08005935   Thumb Code   552  ddiv.o(x$fpl$ddiv)
    __aeabi_d2iz                             0x08005be5   Thumb Code     0  dfix.o(x$fpl$dfix)
    _dfix                                    0x08005be5   Thumb Code    94  dfix.o(x$fpl$dfix)
    __aeabi_d2uiz                            0x08005c45   Thumb Code     0  dfixu.o(x$fpl$dfixu)
    _dfixu                                   0x08005c45   Thumb Code    90  dfixu.o(x$fpl$dfixu)
    __aeabi_i2d                              0x08005c9f   Thumb Code     0  dflt_clz.o(x$fpl$dflt)
    _dflt                                    0x08005c9f   Thumb Code    46  dflt_clz.o(x$fpl$dflt)
    __aeabi_cdcmple                          0x08005ccd   Thumb Code     0  dleqf.o(x$fpl$dleqf)
    _dcmple                                  0x08005ccd   Thumb Code   120  dleqf.o(x$fpl$dleqf)
    __fpl_dcmple_InfNaN                      0x08005d2f   Thumb Code     0  dleqf.o(x$fpl$dleqf)
    __aeabi_dmul                             0x08005d45   Thumb Code     0  dmul.o(x$fpl$dmul)
    _dmul                                    0x08005d45   Thumb Code   332  dmul.o(x$fpl$dmul)
    __fpl_dnaninf                            0x08005e99   Thumb Code   156  dnaninf.o(x$fpl$dnaninf)
    __fpl_dretinf                            0x08005f35   Thumb Code    12  dretinf.o(x$fpl$dretinf)
    __aeabi_drsub                            0x08005f41   Thumb Code     0  daddsub_clz.o(x$fpl$drsb)
    _drsb                                    0x08005f41   Thumb Code    22  daddsub_clz.o(x$fpl$drsb)
    _dsqrt                                   0x08005f59   Thumb Code   456  dsqrt_noumaal.o(x$fpl$dsqrt)
    __aeabi_dsub                             0x08006125   Thumb Code     0  daddsub_clz.o(x$fpl$dsub)
    _dsub                                    0x08006125   Thumb Code   464  daddsub_clz.o(x$fpl$dsub)
    __aeabi_f2d                              0x080062f9   Thumb Code     0  f2d.o(x$fpl$f2d)
    _f2d                                     0x080062f9   Thumb Code    86  f2d.o(x$fpl$f2d)
    __aeabi_fadd                             0x08006351   Thumb Code     0  faddsub_clz.o(x$fpl$fadd)
    _fadd                                    0x08006351   Thumb Code   196  faddsub_clz.o(x$fpl$fadd)
    __fpl_fcmp_Inf                           0x08006415   Thumb Code    24  fcmpi.o(x$fpl$fcmpinf)
    __aeabi_fdiv                             0x0800642d   Thumb Code     0  fdiv.o(x$fpl$fdiv)
    _fdiv                                    0x0800642d   Thumb Code   384  fdiv.o(x$fpl$fdiv)
    __aeabi_cfcmpeq                          0x080065b1   Thumb Code     0  feqf.o(x$fpl$feqf)
    _fcmpeq                                  0x080065b1   Thumb Code   104  feqf.o(x$fpl$feqf)
    __aeabi_f2iz                             0x08006619   Thumb Code     0  ffix.o(x$fpl$ffix)
    _ffix                                    0x08006619   Thumb Code    54  ffix.o(x$fpl$ffix)
    __aeabi_f2uiz                            0x08006651   Thumb Code     0  ffixu.o(x$fpl$ffixu)
    _ffixu                                   0x08006651   Thumb Code    62  ffixu.o(x$fpl$ffixu)
    __aeabi_i2f                              0x08006691   Thumb Code     0  fflt_clz.o(x$fpl$fflt)
    _fflt                                    0x08006691   Thumb Code    48  fflt_clz.o(x$fpl$fflt)
    __aeabi_ui2f                             0x080066c1   Thumb Code     0  fflt_clz.o(x$fpl$ffltu)
    _ffltu                                   0x080066c1   Thumb Code    38  fflt_clz.o(x$fpl$ffltu)
    __aeabi_cfcmple                          0x080066e9   Thumb Code     0  fleqf.o(x$fpl$fleqf)
    _fcmple                                  0x080066e9   Thumb Code   104  fleqf.o(x$fpl$fleqf)
    __fpl_fcmple_InfNaN                      0x0800673b   Thumb Code     0  fleqf.o(x$fpl$fleqf)
    __aeabi_fmul                             0x08006751   Thumb Code     0  fmul.o(x$fpl$fmul)
    _fmul                                    0x08006751   Thumb Code   258  fmul.o(x$fpl$fmul)
    __fpl_fnaninf                            0x08006853   Thumb Code   140  fnaninf.o(x$fpl$fnaninf)
    __fpl_fretinf                            0x080068df   Thumb Code    10  fretinf.o(x$fpl$fretinf)
    __aeabi_cfrcmple                         0x080068e9   Thumb Code     0  frleqf.o(x$fpl$frleqf)
    _frcmple                                 0x080068e9   Thumb Code    98  frleqf.o(x$fpl$frleqf)
    __aeabi_frsub                            0x0800694b   Thumb Code     0  faddsub_clz.o(x$fpl$frsb)
    _frsb                                    0x0800694b   Thumb Code    20  faddsub_clz.o(x$fpl$frsb)
    __aeabi_fsub                             0x08006961   Thumb Code     0  faddsub_clz.o(x$fpl$fsub)
    _fsub                                    0x08006961   Thumb Code   234  faddsub_clz.o(x$fpl$fsub)
    __fpl_return_NaN                         0x08006a4b   Thumb Code   100  retnan.o(x$fpl$retnan)
    __ARM_scalbn                             0x08006aaf   Thumb Code    92  scalbn.o(x$fpl$scalbn)
    __fpl_cmpreturn                          0x08006b0b   Thumb Code    48  trapv.o(x$fpl$trapveneer)
    F6x8                                     0x08006b3a   Data         552  oled.o(.constdata)
    __I$use$fp                               0x08006b3a   Number         0  usenofp.o(x$fpl$usenofp)
    F8X16                                    0x08006d62   Data        1520  oled.o(.constdata)
    reg                                      0x08007354   Data          27  inv_mpu.o(.constdata)
    hw                                       0x08007370   Data          12  inv_mpu.o(.constdata)
    test                                     0x0800737c   Data          40  inv_mpu.o(.constdata)
    __mathlib_zero                           0x08008098   Data           8  qnan.o(.constdata)
    Region$$Table$$Base                      0x080080f0   Number         0  anon$$obj.o(Region$$Table)
    Region$$Table$$Limit                     0x08008110   Number         0  anon$$obj.o(Region$$Table)
    Pitch                                    0x20000000   Data           4  main.o(.data)
    Roll                                     0x20000004   Data           4  main.o(.data)
    Yaw                                      0x20000008   Data           4  main.o(.data)
    gyrox                                    0x2000000c   Data           2  main.o(.data)
    gyroy                                    0x2000000e   Data           2  main.o(.data)
    gyroz                                    0x20000010   Data           2  main.o(.data)
    aacx                                     0x20000012   Data           2  main.o(.data)
    aacy                                     0x20000014   Data           2  main.o(.data)
    aacz                                     0x20000016   Data           2  main.o(.data)
    Enconder_Left                            0x20000018   Data           4  main.o(.data)
    Enconder_Right                           0x2000001c   Data           4  main.o(.data)
    PWM_MAX                                  0x20000020   Data           4  main.o(.data)
    PWM_MIN                                  0x20000024   Data           4  main.o(.data)
    MOTOR1                                   0x20000028   Data           4  main.o(.data)
    MOTOR2                                   0x2000002c   Data           4  main.o(.data)
    SystemCoreClock                          0x20000030   Data           4  system_stm32f10x.o(.data)
    AHBPrescTable                            0x20000034   Data          16  system_stm32f10x.o(.data)
    __stdout                                 0x2000005c   Data           4  usart.o(.data)
    USART_RX_STA                             0x20000060   Data           2  usart.o(.data)
    Med_Angle                                0x20000064   Data           4  control.o(.data)
    Target_Speed                             0x20000068   Data           4  control.o(.data)
    Vertical_Kp                              0x2000006c   Data           4  control.o(.data)
    Vertical_Kd                              0x20000070   Data           4  control.o(.data)
    Velocity_Kp                              0x20000074   Data           4  control.o(.data)
    Velocity_Ki                              0x20000078   Data           4  control.o(.data)
    Turn_Kp                                  0x2000007c   Data           4  control.o(.data)
    vertical_out                             0x20000080   Data           4  control.o(.data)
    velocity_out                             0x20000084   Data           4  control.o(.data)
    Turn_out                                 0x20000088   Data           4  control.o(.data)
    PWM_out                                  0x2000008c   Data           4  control.o(.data)
    USART_RX_BUF                             0x200000dc   Data         200  usart.o(.bss)
    __libspace_start                         0x200001b4   Data          96  libspace.o(.bss)
    __temporary_stack_top$libspace           0x20000214   Data           0  libspace.o(.bss)



==============================================================================

Memory Map of the image

  Image Entry point : 0x080000ed

  Load Region LR_IROM1 (Base: 0x08000000, Size: 0x000081ec, Max: 0x00010000, ABSOLUTE)

    Execution Region ER_IROM1 (Base: 0x08000000, Size: 0x00008110, Max: 0x00010000, ABSOLUTE)

    Base Addr    Size         Type   Attr      Idx    E Section Name        Object

    0x08000000   0x000000ec   Data   RO          297    RESET               startup_stm32f10x_md.o
    0x080000ec   0x00000008   Code   RO         4443  * !!!main             c_w.l(__main.o)
    0x080000f4   0x00000034   Code   RO         4775    !!!scatter          c_w.l(__scatter.o)
    0x08000128   0x0000001a   Code   RO         4777    !!handler_copy      c_w.l(__scatter_copy.o)
    0x08000142   0x00000002   PAD
    0x08000144   0x0000001c   Code   RO         4779    !!handler_zi        c_w.l(__scatter_zi.o)
    0x08000160   0x00000000   Code   RO         4436    .ARM.Collect$$_printf_percent$$00000000  c_w.l(_printf_percent.o)
    0x08000160   0x00000006   Code   RO         4435    .ARM.Collect$$_printf_percent$$00000009  c_w.l(_printf_d.o)
    0x08000166   0x00000004   Code   RO         4538    .ARM.Collect$$_printf_percent$$00000017  c_w.l(_printf_percent_end.o)
    0x0800016a   0x00000002   Code   RO         4645    .ARM.Collect$$libinit$$00000000  c_w.l(libinit.o)
    0x0800016c   0x00000000   Code   RO         4655    .ARM.Collect$$libinit$$00000002  c_w.l(libinit2.o)
    0x0800016c   0x00000000   Code   RO         4657    .ARM.Collect$$libinit$$00000004  c_w.l(libinit2.o)
    0x0800016c   0x00000000   Code   RO         4660    .ARM.Collect$$libinit$$0000000A  c_w.l(libinit2.o)
    0x0800016c   0x00000000   Code   RO         4662    .ARM.Collect$$libinit$$0000000C  c_w.l(libinit2.o)
    0x0800016c   0x00000000   Code   RO         4664    .ARM.Collect$$libinit$$0000000E  c_w.l(libinit2.o)
    0x0800016c   0x00000000   Code   RO         4667    .ARM.Collect$$libinit$$00000011  c_w.l(libinit2.o)
    0x0800016c   0x00000000   Code   RO         4669    .ARM.Collect$$libinit$$00000013  c_w.l(libinit2.o)
    0x0800016c   0x00000000   Code   RO         4671    .ARM.Collect$$libinit$$00000015  c_w.l(libinit2.o)
    0x0800016c   0x00000000   Code   RO         4673    .ARM.Collect$$libinit$$00000017  c_w.l(libinit2.o)
    0x0800016c   0x00000000   Code   RO         4675    .ARM.Collect$$libinit$$00000019  c_w.l(libinit2.o)
    0x0800016c   0x00000000   Code   RO         4677    .ARM.Collect$$libinit$$0000001B  c_w.l(libinit2.o)
    0x0800016c   0x00000000   Code   RO         4679    .ARM.Collect$$libinit$$0000001D  c_w.l(libinit2.o)
    0x0800016c   0x00000000   Code   RO         4681    .ARM.Collect$$libinit$$0000001F  c_w.l(libinit2.o)
    0x0800016c   0x00000000   Code   RO         4683    .ARM.Collect$$libinit$$00000021  c_w.l(libinit2.o)
    0x0800016c   0x00000000   Code   RO         4685    .ARM.Collect$$libinit$$00000023  c_w.l(libinit2.o)
    0x0800016c   0x00000000   Code   RO         4687    .ARM.Collect$$libinit$$00000025  c_w.l(libinit2.o)
    0x0800016c   0x00000000   Code   RO         4691    .ARM.Collect$$libinit$$0000002C  c_w.l(libinit2.o)
    0x0800016c   0x00000000   Code   RO         4693    .ARM.Collect$$libinit$$0000002E  c_w.l(libinit2.o)
    0x0800016c   0x00000000   Code   RO         4695    .ARM.Collect$$libinit$$00000030  c_w.l(libinit2.o)
    0x0800016c   0x00000000   Code   RO         4697    .ARM.Collect$$libinit$$00000032  c_w.l(libinit2.o)
    0x0800016c   0x00000002   Code   RO         4698    .ARM.Collect$$libinit$$00000033  c_w.l(libinit2.o)
    0x0800016e   0x00000002   Code   RO         4728    .ARM.Collect$$libshutdown$$00000000  c_w.l(libshutdown.o)
    0x08000170   0x00000000   Code   RO         4743    .ARM.Collect$$libshutdown$$00000003  c_w.l(libshutdown2.o)
    0x08000170   0x00000000   Code   RO         4746    .ARM.Collect$$libshutdown$$00000006  c_w.l(libshutdown2.o)
    0x08000170   0x00000000   Code   RO         4749    .ARM.Collect$$libshutdown$$00000009  c_w.l(libshutdown2.o)
    0x08000170   0x00000000   Code   RO         4751    .ARM.Collect$$libshutdown$$0000000B  c_w.l(libshutdown2.o)
    0x08000170   0x00000000   Code   RO         4754    .ARM.Collect$$libshutdown$$0000000E  c_w.l(libshutdown2.o)
    0x08000170   0x00000002   Code   RO         4755    .ARM.Collect$$libshutdown$$0000000F  c_w.l(libshutdown2.o)
    0x08000172   0x00000000   Code   RO         4529    .ARM.Collect$$rtentry$$00000000  c_w.l(__rtentry.o)
    0x08000172   0x00000000   Code   RO         4594    .ARM.Collect$$rtentry$$00000002  c_w.l(__rtentry2.o)
    0x08000172   0x00000006   Code   RO         4606    .ARM.Collect$$rtentry$$00000004  c_w.l(__rtentry4.o)
    0x08000178   0x00000000   Code   RO         4596    .ARM.Collect$$rtentry$$00000009  c_w.l(__rtentry2.o)
    0x08000178   0x00000004   Code   RO         4597    .ARM.Collect$$rtentry$$0000000A  c_w.l(__rtentry2.o)
    0x0800017c   0x00000000   Code   RO         4599    .ARM.Collect$$rtentry$$0000000C  c_w.l(__rtentry2.o)
    0x0800017c   0x00000008   Code   RO         4600    .ARM.Collect$$rtentry$$0000000D  c_w.l(__rtentry2.o)
    0x08000184   0x00000002   Code   RO         4648    .ARM.Collect$$rtexit$$00000000  c_w.l(rtexit.o)
    0x08000186   0x00000000   Code   RO         4702    .ARM.Collect$$rtexit$$00000002  c_w.l(rtexit2.o)
    0x08000186   0x00000004   Code   RO         4703    .ARM.Collect$$rtexit$$00000003  c_w.l(rtexit2.o)
    0x0800018a   0x00000006   Code   RO         4704    .ARM.Collect$$rtexit$$00000004  c_w.l(rtexit2.o)
    0x08000190   0x00000040   Code   RO          298    .text               startup_stm32f10x_md.o
    0x080001d0   0x00000002   Code   RO         4379    .text               c_w.l(use_no_semi_2.o)
    0x080001d2   0x00000048   Code   RO         4381    .text               c_w.l(llsdiv.o)
    0x0800021a   0x00000002   PAD
    0x0800021c   0x00000018   Code   RO         4385    .text               c_w.l(noretval__2printf.o)
    0x08000234   0x00000078   Code   RO         4391    .text               c_w.l(_printf_dec.o)
    0x080002ac   0x00000138   Code   RO         4426    .text               c_w.l(__printf_flags_wp.o)
    0x080003e4   0x00000058   Code   RO         4437    .text               c_w.l(memcmp.o)
    0x0800043c   0x00000010   Code   RO         4439    .text               c_w.l(aeabi_memset.o)
    0x0800044c   0x00000006   Code   RO         4441    .text               c_w.l(heapauxi.o)
    0x08000452   0x00000002   Code   RO         4527    .text               c_w.l(use_no_semi.o)
    0x08000454   0x000000ee   Code   RO         4530    .text               c_w.l(lludivv7m.o)
    0x08000542   0x00000016   Code   RO         4532    .text               c_w.l(_rserrno.o)
    0x08000558   0x000000b2   Code   RO         4534    .text               c_w.l(_printf_intcommon.o)
    0x0800060a   0x00000002   PAD
    0x0800060c   0x00000024   Code   RO         4536    .text               c_w.l(_printf_char_file.o)
    0x08000630   0x00000044   Code   RO         4539    .text               c_w.l(rt_memclr.o)
    0x08000674   0x00000008   Code   RO         4615    .text               c_w.l(rt_errno_addr_intlibspace.o)
    0x0800067c   0x00000030   Code   RO         4617    .text               c_w.l(_printf_char_common.o)
    0x080006ac   0x00000008   Code   RO         4619    .text               c_w.l(ferror.o)
    0x080006b4   0x0000004e   Code   RO         4623    .text               c_w.l(rt_memclr_w.o)
    0x08000702   0x00000002   PAD
    0x08000704   0x00000008   Code   RO         4629    .text               c_w.l(libspace.o)
    0x0800070c   0x0000004a   Code   RO         4632    .text               c_w.l(sys_stackheap_outer.o)
    0x08000756   0x0000000c   Code   RO         4638    .text               c_w.l(exit.o)
    0x08000762   0x00000004   Code   RO          161    i.BusFault_Handler  stm32f10x_it.o
    0x08000766   0x00000002   Code   RO          162    i.DebugMon_Handler  stm32f10x_it.o
    0x08000768   0x00000134   Code   RO         3446    i.EXTI9_5_IRQHandler  control.o
    0x0800089c   0x0000000c   Code   RO         1100    i.EXTI_ClearITPendingBit  stm32f10x_exti.o
    0x080008a8   0x00000028   Code   RO         1104    i.EXTI_GetITStatus  stm32f10x_exti.o
    0x080008d0   0x00000094   Code   RO         1105    i.EXTI_Init         stm32f10x_exti.o
    0x08000964   0x0000009c   Code   RO         3380    i.Encoder_TIM2_Init  encoder.o
    0x08000a00   0x0000009c   Code   RO         3381    i.Encoder_TIM3_Init  encoder.o
    0x08000a9c   0x0000000e   Code   RO         3416    i.GFP_abs           motor.o
    0x08000aaa   0x00000002   PAD
    0x08000aac   0x00000040   Code   RO         1450    i.GPIO_EXTILineConfig  stm32f10x_gpio.o
    0x08000aec   0x00000116   Code   RO         1453    i.GPIO_Init         stm32f10x_gpio.o
    0x08000c02   0x00000002   PAD
    0x08000c04   0x00000090   Code   RO         1455    i.GPIO_PinRemapConfig  stm32f10x_gpio.o
    0x08000c94   0x00000004   Code   RO         1460    i.GPIO_ResetBits    stm32f10x_gpio.o
    0x08000c98   0x00000004   Code   RO         1461    i.GPIO_SetBits      stm32f10x_gpio.o
    0x08000c9c   0x00000048   Code   RO         3382    i.Get_Speed         encoder.o
    0x08000ce4   0x00000004   Code   RO          163    i.HardFault_Handler  stm32f10x_it.o
    0x08000ce8   0x0000004c   Code   RO         3417    i.Limit             motor.o
    0x08000d34   0x0000007c   Code   RO         3418    i.Load              motor.o
    0x08000db0   0x00000064   Code   RO         3368    i.MPU6050_Exti_Init  exti.o
    0x08000e14   0x00000050   Code   RO         3483    i.MPU_Get_Accelerometer  mpu6050.o
    0x08000e64   0x00000050   Code   RO         3484    i.MPU_Get_Gyroscope  mpu6050.o
    0x08000eb4   0x0000004c   Code   RO         3561    i.MPU_IIC_Ack       mpuiic.o
    0x08000f00   0x0000000a   Code   RO         3562    i.MPU_IIC_Delay     mpuiic.o
    0x08000f0a   0x00000002   PAD
    0x08000f0c   0x0000002c   Code   RO         3563    i.MPU_IIC_Init      mpuiic.o
    0x08000f38   0x0000004c   Code   RO         3564    i.MPU_IIC_NAck      mpuiic.o
    0x08000f84   0x0000006c   Code   RO         3565    i.MPU_IIC_Read_Byte  mpuiic.o
    0x08000ff0   0x0000005c   Code   RO         3566    i.MPU_IIC_Send_Byte  mpuiic.o
    0x0800104c   0x00000048   Code   RO         3567    i.MPU_IIC_Start     mpuiic.o
    0x08001094   0x00000048   Code   RO         3568    i.MPU_IIC_Stop      mpuiic.o
    0x080010dc   0x00000064   Code   RO         3569    i.MPU_IIC_Wait_Ack  mpuiic.o
    0x08001140   0x0000007a   Code   RO         3486    i.MPU_Init          mpu6050.o
    0x080011ba   0x0000003a   Code   RO         3487    i.MPU_Read_Byte     mpu6050.o
    0x080011f4   0x00000074   Code   RO         3488    i.MPU_Read_Len      mpu6050.o
    0x08001268   0x00000010   Code   RO         3489    i.MPU_Set_Accel_Fsr  mpu6050.o
    0x08001278   0x00000010   Code   RO         3490    i.MPU_Set_Gyro_Fsr  mpu6050.o
    0x08001288   0x0000003a   Code   RO         3491    i.MPU_Set_LPF       mpu6050.o
    0x080012c2   0x0000003a   Code   RO         3492    i.MPU_Set_Rate      mpu6050.o
    0x080012fc   0x00000044   Code   RO         3493    i.MPU_Write_Byte    mpu6050.o
    0x08001340   0x00000060   Code   RO         3494    i.MPU_Write_Len     mpu6050.o
    0x080013a0   0x00000004   Code   RO          164    i.MemManage_Handler  stm32f10x_it.o
    0x080013a4   0x0000002c   Code   RO         3419    i.Motor_Init        motor.o
    0x080013d0   0x00000002   Code   RO          165    i.NMI_Handler       stm32f10x_it.o
    0x080013d2   0x00000002   PAD
    0x080013d4   0x00000070   Code   RO          302    i.NVIC_Init         misc.o
    0x08001444   0x00000014   Code   RO          303    i.NVIC_PriorityGroupConfig  misc.o
    0x08001458   0x0000003e   Code   RO         3623    i.OLED_Clear        oled.o
    0x08001496   0x00000002   PAD
    0x08001498   0x000001c0   Code   RO         3627    i.OLED_Float        oled.o
    0x08001658   0x00000030   Code   RO         3629    i.OLED_IIC_Start    oled.o
    0x08001688   0x00000028   Code   RO         3630    i.OLED_IIC_Stop     oled.o
    0x080016b0   0x0000001c   Code   RO         3631    i.OLED_IIC_Wait_Ack  oled.o
    0x080016cc   0x00000124   Code   RO         3632    i.OLED_Init         oled.o
    0x080017f0   0x00000028   Code   RO         3639    i.OLED_Set_Pos      oled.o
    0x08001818   0x000000a4   Code   RO         3641    i.OLED_ShowChar     oled.o
    0x080018bc   0x00000036   Code   RO         3643    i.OLED_ShowString   oled.o
    0x080018f2   0x00000018   Code   RO         3644    i.OLED_WR_Byte      oled.o
    0x0800190a   0x00000002   PAD
    0x0800190c   0x0000005c   Code   RO         3645    i.OLED_Write_IIC_Byte  oled.o
    0x08001968   0x0000002c   Code   RO         3646    i.OLED_Write_IIC_Command  oled.o
    0x08001994   0x0000002c   Code   RO         3647    i.OLED_Write_IIC_Data  oled.o
    0x080019c0   0x000000a8   Code   RO         3404    i.PWM_TIM1_Init     pwm.o
    0x08001a68   0x00000002   Code   RO          166    i.PendSV_Handler    stm32f10x_it.o
    0x08001a6a   0x00000002   PAD
    0x08001a6c   0x00000020   Code   RO         1869    i.RCC_APB1PeriphClockCmd  stm32f10x_rcc.o
    0x08001a8c   0x00000020   Code   RO         1871    i.RCC_APB2PeriphClockCmd  stm32f10x_rcc.o
    0x08001aac   0x000000d4   Code   RO         1879    i.RCC_GetClocksFreq  stm32f10x_rcc.o
    0x08001b80   0x00000002   Code   RO          167    i.SVC_Handler       stm32f10x_it.o
    0x08001b82   0x00000008   Code   RO          250    i.SetSysClock       system_stm32f10x.o
    0x08001b8a   0x00000002   PAD
    0x08001b8c   0x000000e0   Code   RO          251    i.SetSysClockTo72   system_stm32f10x.o
    0x08001c6c   0x00000028   Code   RO          306    i.SysTick_CLKSourceConfig  misc.o
    0x08001c94   0x00000002   Code   RO          168    i.SysTick_Handler   stm32f10x_it.o
    0x08001c96   0x00000002   PAD
    0x08001c98   0x00000060   Code   RO          253    i.SystemInit        system_stm32f10x.o
    0x08001cf8   0x00000080   Code   RO         2487    i.TI1_Config        stm32f10x_tim.o
    0x08001d78   0x00000098   Code   RO         2488    i.TI2_Config        stm32f10x_tim.o
    0x08001e10   0x00000090   Code   RO         2489    i.TI3_Config        stm32f10x_tim.o
    0x08001ea0   0x00000098   Code   RO         2490    i.TI4_Config        stm32f10x_tim.o
    0x08001f38   0x00000018   Code   RO         2491    i.TIM_ARRPreloadConfig  stm32f10x_tim.o
    0x08001f50   0x00000018   Code   RO         2503    i.TIM_Cmd           stm32f10x_tim.o
    0x08001f68   0x0000001e   Code   RO         2505    i.TIM_CtrlPWMOutputs  stm32f10x_tim.o
    0x08001f86   0x00000042   Code   RO         2512    i.TIM_EncoderInterfaceConfig  stm32f10x_tim.o
    0x08001fc8   0x00000006   Code   RO         2522    i.TIM_GetCounter    stm32f10x_tim.o
    0x08001fce   0x00000002   PAD
    0x08001fd0   0x000000ac   Code   RO         2526    i.TIM_ICInit        stm32f10x_tim.o
    0x0800207c   0x00000012   Code   RO         2527    i.TIM_ICStructInit  stm32f10x_tim.o
    0x0800208e   0x00000002   PAD
    0x08002090   0x00000098   Code   RO         2532    i.TIM_OC1Init       stm32f10x_tim.o
    0x08002128   0x00000012   Code   RO         2535    i.TIM_OC1PreloadConfig  stm32f10x_tim.o
    0x0800213a   0x00000002   PAD
    0x0800213c   0x0000007c   Code   RO         2547    i.TIM_OC4Init       stm32f10x_tim.o
    0x080021b8   0x0000001a   Code   RO         2549    i.TIM_OC4PreloadConfig  stm32f10x_tim.o
    0x080021d2   0x00000004   Code   RO         2564    i.TIM_SetCompare1   stm32f10x_tim.o
    0x080021d6   0x00000006   Code   RO         2567    i.TIM_SetCompare4   stm32f10x_tim.o
    0x080021dc   0x00000004   Code   RO         2568    i.TIM_SetCounter    stm32f10x_tim.o
    0x080021e0   0x00000012   Code   RO         2569    i.TIM_SetIC1Prescaler  stm32f10x_tim.o
    0x080021f2   0x0000001a   Code   RO         2570    i.TIM_SetIC2Prescaler  stm32f10x_tim.o
    0x0800220c   0x00000012   Code   RO         2571    i.TIM_SetIC3Prescaler  stm32f10x_tim.o
    0x0800221e   0x0000001a   Code   RO         2572    i.TIM_SetIC4Prescaler  stm32f10x_tim.o
    0x08002238   0x000000a4   Code   RO         2574    i.TIM_TimeBaseInit  stm32f10x_tim.o
    0x080022dc   0x00000012   Code   RO         2575    i.TIM_TimeBaseStructInit  stm32f10x_tim.o
    0x080022ee   0x00000002   PAD
    0x080022f0   0x00000030   Code   RO         3447    i.Turn              control.o
    0x08002320   0x00000088   Code   RO         3327    i.USART1_IRQHandler  usart.o
    0x080023a8   0x00000018   Code   RO         3039    i.USART_Cmd         stm32f10x_usart.o
    0x080023c0   0x00000054   Code   RO         3043    i.USART_GetITStatus  stm32f10x_usart.o
    0x08002414   0x0000004a   Code   RO         3045    i.USART_ITConfig    stm32f10x_usart.o
    0x0800245e   0x00000002   PAD
    0x08002460   0x000000d8   Code   RO         3046    i.USART_Init        stm32f10x_usart.o
    0x08002538   0x0000000a   Code   RO         3053    i.USART_ReceiveData  stm32f10x_usart.o
    0x08002542   0x00000004   Code   RO          169    i.UsageFault_Handler  stm32f10x_it.o
    0x08002546   0x00000002   PAD
    0x08002548   0x000000f8   Code   RO         3448    i.Velocity          control.o
    0x08002640   0x00000048   Code   RO         3449    i.Vertical          control.o
    0x08002688   0x00000028   Code   RO         4580    i.__ARM_fpclassify  m_ws.l(fpclassify.o)
    0x080026b0   0x000000aa   Code   RO         4582    i.__kernel_poly     m_ws.l(poly.o)
    0x0800275a   0x00000006   Code   RO         4567    i.__mathlib_dbl_infnan  m_ws.l(dunder.o)
    0x08002760   0x00000004   Code   RO         4568    i.__mathlib_dbl_infnan2  m_ws.l(dunder.o)
    0x08002764   0x0000000c   Code   RO         4569    i.__mathlib_dbl_invalid  m_ws.l(dunder.o)
    0x08002770   0x00000010   Code   RO         4572    i.__mathlib_dbl_underflow  m_ws.l(dunder.o)
    0x08002780   0x0000000e   Code   RO         4424    i._is_digit         c_w.l(__printf_wp.o)
    0x0800278e   0x00000004   Code   RO         3328    i._sys_exit         usart.o
    0x08002792   0x00000002   PAD
    0x08002794   0x000000a8   Code   RO         3814    i.accel_self_test   inv_mpu.o
    0x0800283c   0x00000270   Code   RO         4510    i.asin              m_ws.l(asin.o)
    0x08002aac   0x00000220   Code   RO         4557    i.atan              m_ws.l(atan.o)
    0x08002ccc   0x00000180   Code   RO         4520    i.atan2             m_ws.l(atan2.o)
    0x08002e4c   0x00000064   Code   RO         4142    i.decode_gesture    inv_mpu_dmp_motion_driver.o
    0x08002eb0   0x00000044   Code   RO         3269    i.delay_init        delay.o
    0x08002ef4   0x0000004c   Code   RO         3270    i.delay_ms          delay.o
    0x08002f40   0x0000004c   Code   RO         3271    i.delay_us          delay.o
    0x08002f8c   0x0000003c   Code   RO         4143    i.dmp_enable_6x_lp_quat  inv_mpu_dmp_motion_driver.o
    0x08002fc8   0x0000021c   Code   RO         4144    i.dmp_enable_feature  inv_mpu_dmp_motion_driver.o
    0x080031e4   0x00000058   Code   RO         4145    i.dmp_enable_gyro_cal  inv_mpu_dmp_motion_driver.o
    0x0800323c   0x0000003c   Code   RO         4146    i.dmp_enable_lp_quat  inv_mpu_dmp_motion_driver.o
    0x08003278   0x00000018   Code   RO         4151    i.dmp_load_motion_driver_firmware  inv_mpu_dmp_motion_driver.o
    0x08003290   0x000001cc   Code   RO         4152    i.dmp_read_fifo     inv_mpu_dmp_motion_driver.o
    0x0800345c   0x00000130   Code   RO         4155    i.dmp_set_accel_bias  inv_mpu_dmp_motion_driver.o
    0x0800358c   0x00000070   Code   RO         4156    i.dmp_set_fifo_rate  inv_mpu_dmp_motion_driver.o
    0x080035fc   0x00000130   Code   RO         4157    i.dmp_set_gyro_bias  inv_mpu_dmp_motion_driver.o
    0x0800372c   0x00000138   Code   RO         4159    i.dmp_set_orientation  inv_mpu_dmp_motion_driver.o
    0x08003864   0x00000038   Code   RO         4162    i.dmp_set_shake_reject_thresh  inv_mpu_dmp_motion_driver.o
    0x0800389c   0x00000026   Code   RO         4163    i.dmp_set_shake_reject_time  inv_mpu_dmp_motion_driver.o
    0x080038c2   0x00000026   Code   RO         4164    i.dmp_set_shake_reject_timeout  inv_mpu_dmp_motion_driver.o
    0x080038e8   0x00000046   Code   RO         4165    i.dmp_set_tap_axes  inv_mpu_dmp_motion_driver.o
    0x0800392e   0x00000026   Code   RO         4166    i.dmp_set_tap_count  inv_mpu_dmp_motion_driver.o
    0x08003954   0x000001a0   Code   RO         4167    i.dmp_set_tap_thresh  inv_mpu_dmp_motion_driver.o
    0x08003af4   0x00000026   Code   RO         4168    i.dmp_set_tap_time  inv_mpu_dmp_motion_driver.o
    0x08003b1a   0x00000026   Code   RO         4169    i.dmp_set_tap_time_multi  inv_mpu_dmp_motion_driver.o
    0x08003b40   0x0000001c   Code   RO         3329    i.fputc             usart.o
    0x08003b5c   0x000000b4   Code   RO         3815    i.get_accel_prod_shift  inv_mpu.o
    0x08003c10   0x00000470   Code   RO         3816    i.get_st_biases     inv_mpu.o
    0x08004080   0x00000110   Code   RO         3817    i.gyro_self_test    inv_mpu.o
    0x08004190   0x00000028   Code   RO         3818    i.inv_orientation_matrix_to_scalar  inv_mpu.o
    0x080041b8   0x0000004e   Code   RO         3819    i.inv_row_2_scale   inv_mpu.o
    0x08004206   0x00000002   PAD
    0x08004208   0x00000028   Code   RO         4329    i.key_init          key.o
    0x08004230   0x00000038   Code   RO         4347    i.led_init          led.o
    0x08004268   0x00000088   Code   RO            1    i.main              main.o
    0x080042f0   0x00000002   Code   RO         3820    i.mget_ms           inv_mpu.o
    0x080042f2   0x00000002   PAD
    0x080042f4   0x00000070   Code   RO         3821    i.mpu_configure_fifo  inv_mpu.o
    0x08004364   0x00000224   Code   RO         3822    i.mpu_dmp_get_data  inv_mpu.o
    0x08004588   0x0000009c   Code   RO         3823    i.mpu_dmp_init      inv_mpu.o
    0x08004624   0x0000004c   Code   RO         3824    i.mpu_get_accel_fsr  inv_mpu.o
    0x08004670   0x00000054   Code   RO         3826    i.mpu_get_accel_sens  inv_mpu.o
    0x080046c4   0x00000010   Code   RO         3831    i.mpu_get_fifo_config  inv_mpu.o
    0x080046d4   0x00000044   Code   RO         3832    i.mpu_get_gyro_fsr  inv_mpu.o
    0x08004718   0x00000050   Code   RO         3834    i.mpu_get_gyro_sens  inv_mpu.o
    0x08004768   0x00000050   Code   RO         3836    i.mpu_get_lpf       inv_mpu.o
    0x080047b8   0x00000020   Code   RO         3838    i.mpu_get_sample_rate  inv_mpu.o
    0x080047d8   0x000001f0   Code   RO         3840    i.mpu_init          inv_mpu.o
    0x080049c8   0x000000b8   Code   RO         3841    i.mpu_load_firmware  inv_mpu.o
    0x08004a80   0x000000e0   Code   RO         3842    i.mpu_lp_accel_mode  inv_mpu.o
    0x08004b60   0x000000c0   Code   RO         3845    i.mpu_read_fifo_stream  inv_mpu.o
    0x08004c20   0x00000080   Code   RO         3846    i.mpu_read_mem      inv_mpu.o
    0x08004ca0   0x000001c8   Code   RO         3849    i.mpu_reset_fifo    inv_mpu.o
    0x08004e68   0x0000011c   Code   RO         3850    i.mpu_run_self_test  inv_mpu.o
    0x08004f84   0x00000084   Code   RO         3852    i.mpu_set_accel_fsr  inv_mpu.o
    0x08005008   0x0000014c   Code   RO         3853    i.mpu_set_bypass    inv_mpu.o
    0x08005154   0x00000090   Code   RO         3855    i.mpu_set_dmp_state  inv_mpu.o
    0x080051e4   0x00000088   Code   RO         3856    i.mpu_set_gyro_fsr  inv_mpu.o
    0x0800526c   0x0000006c   Code   RO         3857    i.mpu_set_int_latched  inv_mpu.o
    0x080052d8   0x00000084   Code   RO         3859    i.mpu_set_lpf       inv_mpu.o
    0x0800535c   0x0000009c   Code   RO         3860    i.mpu_set_sample_rate  inv_mpu.o
    0x080053f8   0x000000d0   Code   RO         3861    i.mpu_set_sensors   inv_mpu.o
    0x080054c8   0x00000080   Code   RO         3862    i.mpu_write_mem     inv_mpu.o
    0x08005548   0x00000094   Code   RO         3863    i.run_self_test     inv_mpu.o
    0x080055dc   0x00000090   Code   RO         3864    i.set_int_enable    inv_mpu.o
    0x0800566c   0x0000004c   Code   RO         4586    i.sqrt              m_ws.l(sqrt.o)
    0x080056b8   0x000000a0   Code   RO         3330    i.uart_init         usart.o
    0x08005758   0x00000062   Code   RO         4445    x$fpl$d2f           fz_ws.l(d2f.o)
    0x080057ba   0x00000002   PAD
    0x080057bc   0x00000150   Code   RO         4447    x$fpl$dadd          fz_ws.l(daddsub_clz.o)
    0x0800590c   0x00000010   Code   RO         4625    x$fpl$dcheck1       fz_ws.l(dcheck1.o)
    0x0800591c   0x00000018   Code   RO         4541    x$fpl$dcmpinf       fz_ws.l(dcmpi.o)
    0x08005934   0x000002b0   Code   RO         4454    x$fpl$ddiv          fz_ws.l(ddiv.o)
    0x08005be4   0x0000005e   Code   RO         4457    x$fpl$dfix          fz_ws.l(dfix.o)
    0x08005c42   0x00000002   PAD
    0x08005c44   0x0000005a   Code   RO         4461    x$fpl$dfixu         fz_ws.l(dfixu.o)
    0x08005c9e   0x0000002e   Code   RO         4466    x$fpl$dflt          fz_ws.l(dflt_clz.o)
    0x08005ccc   0x00000078   Code   RO         4471    x$fpl$dleqf         fz_ws.l(dleqf.o)
    0x08005d44   0x00000154   Code   RO         4473    x$fpl$dmul          fz_ws.l(dmul.o)
    0x08005e98   0x0000009c   Code   RO         4543    x$fpl$dnaninf       fz_ws.l(dnaninf.o)
    0x08005f34   0x0000000c   Code   RO         4545    x$fpl$dretinf       fz_ws.l(dretinf.o)
    0x08005f40   0x00000016   Code   RO         4448    x$fpl$drsb          fz_ws.l(daddsub_clz.o)
    0x08005f56   0x00000002   PAD
    0x08005f58   0x000001cc   Code   RO         4627    x$fpl$dsqrt         fz_ws.l(dsqrt_noumaal.o)
    0x08006124   0x000001d4   Code   RO         4449    x$fpl$dsub          fz_ws.l(daddsub_clz.o)
    0x080062f8   0x00000056   Code   RO         4475    x$fpl$f2d           fz_ws.l(f2d.o)
    0x0800634e   0x00000002   PAD
    0x08006350   0x000000c4   Code   RO         4477    x$fpl$fadd          fz_ws.l(faddsub_clz.o)
    0x08006414   0x00000018   Code   RO         4547    x$fpl$fcmpinf       fz_ws.l(fcmpi.o)
    0x0800642c   0x00000184   Code   RO         4484    x$fpl$fdiv          fz_ws.l(fdiv.o)
    0x080065b0   0x00000068   Code   RO         4487    x$fpl$feqf          fz_ws.l(feqf.o)
    0x08006618   0x00000036   Code   RO         4489    x$fpl$ffix          fz_ws.l(ffix.o)
    0x0800664e   0x00000002   PAD
    0x08006650   0x0000003e   Code   RO         4493    x$fpl$ffixu         fz_ws.l(ffixu.o)
    0x0800668e   0x00000002   PAD
    0x08006690   0x00000030   Code   RO         4498    x$fpl$fflt          fz_ws.l(fflt_clz.o)
    0x080066c0   0x00000026   Code   RO         4497    x$fpl$ffltu         fz_ws.l(fflt_clz.o)
    0x080066e6   0x00000002   PAD
    0x080066e8   0x00000068   Code   RO         4503    x$fpl$fleqf         fz_ws.l(fleqf.o)
    0x08006750   0x00000102   Code   RO         4505    x$fpl$fmul          fz_ws.l(fmul.o)
    0x08006852   0x0000008c   Code   RO         4549    x$fpl$fnaninf       fz_ws.l(fnaninf.o)
    0x080068de   0x0000000a   Code   RO         4551    x$fpl$fretinf       fz_ws.l(fretinf.o)
    0x080068e8   0x00000062   Code   RO         4507    x$fpl$frleqf        fz_ws.l(frleqf.o)
    0x0800694a   0x00000014   Code   RO         4478    x$fpl$frsb          fz_ws.l(faddsub_clz.o)
    0x0800695e   0x00000002   PAD
    0x08006960   0x000000ea   Code   RO         4479    x$fpl$fsub          fz_ws.l(faddsub_clz.o)
    0x08006a4a   0x00000064   Code   RO         4646    x$fpl$retnan        fz_ws.l(retnan.o)
    0x08006aae   0x0000005c   Code   RO         4553    x$fpl$scalbn        fz_ws.l(scalbn.o)
    0x08006b0a   0x00000030   Code   RO         4699    x$fpl$trapveneer    fz_ws.l(trapv.o)
    0x08006b3a   0x00000000   Code   RO         4555    x$fpl$usenofp       fz_ws.l(usenofp.o)
    0x08006b3a   0x00000818   Data   RO         3651    .constdata          oled.o
    0x08007352   0x00000002   PAD
    0x08007354   0x00000050   Data   RO         3866    .constdata          inv_mpu.o
    0x080073a4   0x00000bf6   Data   RO         4171    .constdata          inv_mpu_dmp_motion_driver.o
    0x08007f9a   0x00000011   Data   RO         4427    .constdata          c_w.l(__printf_flags_wp.o)
    0x08007fab   0x00000005   PAD
    0x08007fb0   0x00000050   Data   RO         4511    .constdata          m_ws.l(asin.o)
    0x08008000   0x00000098   Data   RO         4558    .constdata          m_ws.l(atan.o)
    0x08008098   0x00000008   Data   RO         4584    .constdata          m_ws.l(qnan.o)
    0x080080a0   0x0000004d   Data   RO         3867    .conststring        inv_mpu.o
    0x080080ed   0x00000003   PAD
    0x080080f0   0x00000020   Data   RO         4773    Region$$Table       anon$$obj.o


    Execution Region RW_IRAM1 (Base: 0x20000000, Size: 0x00000818, Max: 0x00005000, ABSOLUTE)

    Base Addr    Size         Type   Attr      Idx    E Section Name        Object

    0x20000000   0x00000030   Data   RW            2    .data               main.o
    0x20000030   0x00000014   Data   RW          254    .data               system_stm32f10x.o
    0x20000044   0x00000014   Data   RW         1899    .data               stm32f10x_rcc.o
    0x20000058   0x00000004   Data   RW         3272    .data               delay.o
    0x2000005c   0x00000006   Data   RW         3332    .data               usart.o
    0x20000062   0x00000002   PAD
    0x20000064   0x00000040   Data   RW         3450    .data               control.o
    0x200000a4   0x00000035   Data   RW         3868    .data               inv_mpu.o
    0x200000d9   0x00000003   PAD
    0x200000dc   0x000000c8   Zero   RW         3331    .bss                usart.o
    0x200001a4   0x00000010   Zero   RW         4170    .bss                inv_mpu_dmp_motion_driver.o
    0x200001b4   0x00000060   Zero   RW         4630    .bss                c_w.l(libspace.o)
    0x20000214   0x00000004   PAD
    0x20000218   0x00000200   Zero   RW          296    HEAP                startup_stm32f10x_md.o
    0x20000418   0x00000400   Zero   RW          295    STACK               startup_stm32f10x_md.o


==============================================================================

Image component sizes


      Code (inc. data)   RO Data    RW Data    ZI Data      Debug   Object Name

       676        130          0         64          0       3142   control.o
         0          0          0          0          0         32   core_cm3.o
       220         26          0          4          0       1683   delay.o
       384         20          0          0          0       1912   encoder.o
       100          4          0          0          0        600   exti.o
      6860        290        157         53          0      30572   inv_mpu.o
      3096        122       3062          0         16      20462   inv_mpu_dmp_motion_driver.o
        40          6          0          0          0        471   key.o
        56          6          0          0          0        483   led.o
       136          8          0         48          0     254688   main.o
       172         22          0          0          0       2041   misc.o
       258         26          0          0          0       2126   motor.o
       768          0          0          0          0       7363   mpu6050.o
       650        100          0          0          0       4778   mpuiic.o
      1380         44       2072          0          0       8785   oled.o
       168          8          0          0          0        724   pwm.o
        64         26        236          0       1536        792   startup_stm32f10x_md.o
       200         18          0          0          0       2080   stm32f10x_exti.o
       494         10          0          0          0       4444   stm32f10x_gpio.o
        26          0          0          0          0       3682   stm32f10x_it.o
       276         32          0         20          0       4410   stm32f10x_rcc.o
      1520        180          0          0          0      15163   stm32f10x_tim.o
       408          6          0          0          0       4926   stm32f10x_usart.o
       328         28          0         20          0       2065   system_stm32f10x.o
       328         26          0          6        200       4076   usart.o

    ----------------------------------------------------------------------
     18644       1138       5564        220       1752     381500   Object Totals
         0          0         32          0          0          0   (incl. Generated)
        36          0          5          5          0          0   (incl. Padding)

    ----------------------------------------------------------------------

      Code (inc. data)   RO Data    RW Data    ZI Data      Debug   Library Member Name

         8          0          0          0          0         68   __main.o
       312          4         17          0          0         92   __printf_flags_wp.o
        14          0          0          0          0         68   __printf_wp.o
         0          0          0          0          0          0   __rtentry.o
        12          0          0          0          0          0   __rtentry2.o
         6          0          0          0          0          0   __rtentry4.o
        52          8          0          0          0          0   __scatter.o
        26          0          0          0          0          0   __scatter_copy.o
        28          0          0          0          0          0   __scatter_zi.o
        48          6          0          0          0         96   _printf_char_common.o
        36          4          0          0          0         80   _printf_char_file.o
         6          0          0          0          0          0   _printf_d.o
       120         16          0          0          0         92   _printf_dec.o
       178          0          0          0          0         88   _printf_intcommon.o
         0          0          0          0          0          0   _printf_percent.o
         4          0          0          0          0          0   _printf_percent_end.o
        22          0          0          0          0        100   _rserrno.o
        16          0          0          0          0         68   aeabi_memset.o
        12          0          0          0          0         72   exit.o
         8          0          0          0          0         68   ferror.o
         6          0          0          0          0        152   heapauxi.o
         2          0          0          0          0          0   libinit.o
         2          0          0          0          0          0   libinit2.o
         2          0          0          0          0          0   libshutdown.o
         2          0          0          0          0          0   libshutdown2.o
         8          4          0          0         96         68   libspace.o
        72          0          0          0          0         76   llsdiv.o
       238          0          0          0          0        100   lludivv7m.o
        88          0          0          0          0         76   memcmp.o
        24          4          0          0          0         84   noretval__2printf.o
         8          4          0          0          0         68   rt_errno_addr_intlibspace.o
        68          0          0          0          0         68   rt_memclr.o
        78          0          0          0          0         80   rt_memclr_w.o
         2          0          0          0          0          0   rtexit.o
        10          0          0          0          0          0   rtexit2.o
        74          0          0          0          0         80   sys_stackheap_outer.o
         2          0          0          0          0         68   use_no_semi.o
         2          0          0          0          0         68   use_no_semi_2.o
        98          4          0          0          0         92   d2f.o
       826         16          0          0          0        348   daddsub_clz.o
        16          4          0          0          0         68   dcheck1.o
        24          0          0          0          0         68   dcmpi.o
       688        140          0          0          0        208   ddiv.o
        94          4          0          0          0         92   dfix.o
        90          4          0          0          0         92   dfixu.o
        46          0          0          0          0         68   dflt_clz.o
       120          4          0          0          0         92   dleqf.o
       340         12          0          0          0        104   dmul.o
       156          4          0          0          0         92   dnaninf.o
        12          0          0          0          0         68   dretinf.o
       460         56          0          0          0        120   dsqrt_noumaal.o
        86          4          0          0          0         84   f2d.o
       450          8          0          0          0        236   faddsub_clz.o
        24          0          0          0          0         68   fcmpi.o
       388         76          0          0          0         96   fdiv.o
       104          4          0          0          0         84   feqf.o
        54          4          0          0          0         84   ffix.o
        62          4          0          0          0         84   ffixu.o
        86          0          0          0          0        136   fflt_clz.o
       104          4          0          0          0         84   fleqf.o
       258          4          0          0          0         84   fmul.o
       140          4          0          0          0         84   fnaninf.o
        10          0          0          0          0         68   fretinf.o
        98          0          0          0          0         68   frleqf.o
       100          0          0          0          0         68   retnan.o
        92          0          0          0          0         68   scalbn.o
        48          0          0          0          0         68   trapv.o
         0          0          0          0          0          0   usenofp.o
       624         52         80          0          0        168   asin.o
       544         70        152          0          0        124   atan.o
       384         38          0          0          0        144   atan2.o
        38          6          0          0          0        272   dunder.o
        40          0          0          0          0         68   fpclassify.o
       170          0          0          0          0         96   poly.o
         0          0          8          0          0          0   qnan.o
        76          0          0          0          0         84   sqrt.o

    ----------------------------------------------------------------------
      8570        576        262          0        100       5812   Library Totals
        24          0          5          0          4          0   (incl. Padding)

    ----------------------------------------------------------------------

      Code (inc. data)   RO Data    RW Data    ZI Data      Debug   Library Name

      1596         50         17          0         96       1880   c_w.l
      5074        360          0          0          0       2976   fz_ws.l
      1876        166        240          0          0        956   m_ws.l

    ----------------------------------------------------------------------
      8570        576        262          0        100       5812   Library Totals

    ----------------------------------------------------------------------

==============================================================================


      Code (inc. data)   RO Data    RW Data    ZI Data      Debug   

     27214       1714       5826        220       1852     375712   Grand Totals
     27214       1714       5826        220       1852     375712   ELF Image Totals
     27214       1714       5826        220          0          0   ROM Totals

==============================================================================

    Total RO  Size (Code + RO Data)                33040 (  32.27kB)
    Total RW  Size (RW Data + ZI Data)              2072 (   2.02kB)
    Total ROM Size (Code + RO Data + RW Data)      33260 (  32.48kB)

==============================================================================

